Component: ARM Compiler 5.06 update 1 (build 61) Tool: armlink [4d35a8]

==============================================================================

Section Cross References

    main.o(.text) refers to _printf_percent.o(.ARM.Collect$$_printf_percent$$00000000) for _printf_percent
    main.o(.text) refers to _printf_f.o(.ARM.Collect$$_printf_percent$$00000003) for _printf_f
    main.o(.text) refers to printf1.o(x$fpl$printf1) for _printf_fp_dec
    main.o(.text) refers to _printf_d.o(.ARM.Collect$$_printf_percent$$00000009) for _printf_d
    main.o(.text) refers to _printf_dec.o(.text) for _printf_int_dec
    main.o(.text) refers to delay.o(.text) for delay_init
    main.o(.text) refers to misc.o(.text) for NVIC_PriorityGroupConfig
    main.o(.text) refers to usart.o(.text) for uart_init
    main.o(.text) refers to uart4.o(.text) for uart4_init
    main.o(.text) refers to led.o(.text) for LED_Init
    main.o(.text) refers to beep.o(.text) for BEEP_Init
    main.o(.text) refers to key.o(.text) for KEY_Init
    main.o(.text) refers to timer.o(.text) for TIM3_Int_Init
    main.o(.text) refers to oled.o(.text) for OLED_Init
    main.o(.text) refers to ads115.o(.text) for ADS1115_Init
    main.o(.text) refers to dma.o(.text) for DMA_Config
    main.o(.text) refers to stm32f10x_usart.o(.text) for USART_DMACmd
    main.o(.text) refers to ads1292.o(.text) for ADS1292_Init
    main.o(.text) refers to exti.o(.text) for EXTIX_Init
    main.o(.text) refers to adc.o(.text) for Adc_Init
    main.o(.text) refers to mlx90614.o(.text) for SMBus_Init
    main.o(.text) refers to __2printf.o(.text) for __2printf
    main.o(.text) refers to stm32f10x_gpio.o(.text) for GPIO_ReadInputDataBit
    main.o(.text) refers to f2d.o(x$fpl$f2d) for __aeabi_f2d
    main.o(.text) refers to __2sprintf.o(.text) for __2sprintf
    main.o(.text) refers to stm32f10x_tim.o(.text) for TIM_SetCompare1
    main.o(.text) refers to dflt_clz.o(x$fpl$dfltu) for __aeabi_ui2d
    main.o(.text) refers to dmul.o(x$fpl$dmul) for __aeabi_dmul
    main.o(.text) refers to ddiv.o(x$fpl$ddiv) for __aeabi_ddiv
    main.o(.text) refers to d2f.o(x$fpl$d2f) for __aeabi_d2f
    main.o(.text) refers to oled.o(.data) for Plane_BMP
    main.o(.text) refers to uart4.o(.data) for UART4_RX_STA
    main.o(.text) refers to uart4.o(.bss) for UART4_RX_BUF
    main.o(.text) refers to ads1292.o(.data) for ads1292_recive_flag
    main.o(.text) refers to ads1292.o(.bss) for ads1292_Cache
    system_stm32f10x.o(.text) refers to system_stm32f10x.o(.data) for SystemCoreClock
    led.o(.text) refers to stm32f10x_rcc.o(.text) for RCC_APB2PeriphClockCmd
    led.o(.text) refers to stm32f10x_gpio.o(.text) for GPIO_Init
    key.o(.text) refers to stm32f10x_rcc.o(.text) for RCC_APB2PeriphClockCmd
    key.o(.text) refers to stm32f10x_gpio.o(.text) for GPIO_Init
    key.o(.text) refers to delay.o(.text) for delay_ms
    key.o(.text) refers to key.o(.data) for key_up
    timer.o(.text) refers to stm32f10x_rcc.o(.text) for RCC_APB1PeriphClockCmd
    timer.o(.text) refers to stm32f10x_tim.o(.text) for TIM_TimeBaseInit
    timer.o(.text) refers to misc.o(.text) for NVIC_Init
    timer.o(.text) refers to stm32f10x_gpio.o(.text) for GPIO_Init
    ads115.o(.text) refers to stm32f10x_rcc.o(.text) for RCC_APB2PeriphClockCmd
    ads115.o(.text) refers to stm32f10x_gpio.o(.text) for GPIO_Init
    ads115.o(.text) refers to fflt_clz.o(x$fpl$ffltu) for __aeabi_ui2f
    ads115.o(.text) refers to ffixu.o(x$fpl$ffixu) for __aeabi_f2uiz
    ads115.o(.text) refers to faddsub_clz.o(x$fpl$fadd) for __aeabi_fadd
    ads115.o(.text) refers to fdiv.o(x$fpl$fdiv) for __aeabi_fdiv
    oled.o(.text) refers to stm32f10x_gpio.o(.text) for GPIO_SetBits
    oled.o(.text) refers to oled.o(.constdata) for F8X16
    oled.o(.text) refers to stm32f10x_rcc.o(.text) for RCC_APB2PeriphClockCmd
    oled.o(.text) refers to delay.o(.text) for delay_ms
    oled.o(.text) refers to oled.o(.data) for Hzk
    spi.o(.text) refers to stm32f10x_rcc.o(.text) for RCC_APB2PeriphClockCmd
    spi.o(.text) refers to stm32f10x_gpio.o(.text) for GPIO_Init
    spi.o(.text) refers to stm32f10x_spi.o(.text) for SPI_Init
    ads1292.o(.text) refers to _printf_percent.o(.ARM.Collect$$_printf_percent$$00000000) for _printf_percent
    ads1292.o(.text) refers to _printf_d.o(.ARM.Collect$$_printf_percent$$00000009) for _printf_d
    ads1292.o(.text) refers to _printf_x.o(.ARM.Collect$$_printf_percent$$0000000C) for _printf_x
    ads1292.o(.text) refers to _printf_dec.o(.text) for _printf_int_dec
    ads1292.o(.text) refers to _printf_hex_int_ll_ptr.o(.text) for _printf_longlong_hex
    ads1292.o(.text) refers to spi.o(.text) for SPI2_ReadWriteByte
    ads1292.o(.text) refers to delay.o(.text) for delay_us
    ads1292.o(.text) refers to __2printf.o(.text) for __2printf
    ads1292.o(.text) refers to stm32f10x_rcc.o(.text) for RCC_APB2PeriphClockCmd
    ads1292.o(.text) refers to stm32f10x_gpio.o(.text) for GPIO_Init
[...]
    _printf_flags                            0x00000000   Number         0  printf_stubs.o ABSOLUTE
    _printf_return_value                     0x00000000   Number         0  printf_stubs.o ABSOLUTE
    _printf_sizespec                         0x00000000   Number         0  printf_stubs.o ABSOLUTE
    _printf_widthprec                        0x00000000   Number         0  printf_stubs.o ABSOLUTE
    __ARM_exceptions_init                     - Undefined Weak Reference
    __alloca_initialize                       - Undefined Weak Reference
    __arm_preinit_                            - Undefined Weak Reference
    __cpp_initialize__aeabi_                  - Undefined Weak Reference
    __cxa_finalize                            - Undefined Weak Reference
    __sigvec_lookup                           - Undefined Weak Reference
    _atexit_init                              - Undefined Weak Reference
    _call_atexit_fns                          - Undefined Weak Reference
    _clock_init                               - Undefined Weak Reference
    _fp_trap_init                             - Undefined Weak Reference
    _fp_trap_shutdown                         - Undefined Weak Reference
    _get_lc_collate                           - Undefined Weak Reference
    _get_lc_monetary                          - Undefined Weak Reference
    _get_lc_time                              - Undefined Weak Reference
    _getenv_init                              - Undefined Weak Reference
    _handle_redirection                       - Undefined Weak Reference
    _init_alloc                               - Undefined Weak Reference
    _init_user_alloc                          - Undefined Weak Reference
    _initio                                   - Undefined Weak Reference
    _mutex_acquire                            - Undefined Weak Reference
    _mutex_release                            - Undefined Weak Reference
    _printf_fp_hex                            - Undefined Weak Reference
    _printf_mbtowc                            - Undefined Weak Reference
    _printf_wc                                - Undefined Weak Reference
    _rand_init                                - Undefined Weak Reference
    _signal_finish                            - Undefined Weak Reference
    _signal_init                              - Undefined Weak Reference
    _terminate_alloc                          - Undefined Weak Reference
    _terminate_user_alloc                     - Undefined Weak Reference
    _terminateio                              - Undefined Weak Reference
    __Vectors_Size                           0x00000130   Number         0  startup_stm32f10x_hd.o ABSOLUTE
    __Vectors                                0x08000000   Data           4  startup_stm32f10x_hd.o(RESET)
    __Vectors_End                            0x08000130   Data           0  startup_stm32f10x_hd.o(RESET)
    __main                                   0x08000131   Thumb Code     8  __main.o(!!!main)
    __scatterload                            0x08000139   Thumb Code     0  __scatter.o(!!!scatter)
    __scatterload_rt2                        0x08000139   Thumb Code    44  __scatter.o(!!!scatter)
    __scatterload_rt2_thumb_only             0x08000139   Thumb Code     0  __scatter.o(!!!scatter)
    __scatterload_null                       0x08000147   Thumb Code     0  __scatter.o(!!!scatter)
    __decompress                             0x0800016d   Thumb Code    90  __dczerorl2.o(!!dczerorl2)
    __decompress1                            0x0800016d   Thumb Code     0  __dczerorl2.o(!!dczerorl2)
    __scatterload_zeroinit                   0x080001c9   Thumb Code    28  __scatter_zi.o(!!handler_zi)
    _printf_n                                0x080001e5   Thumb Code     0  _printf_n.o(.ARM.Collect$$_printf_percent$$00000001)
    _printf_percent                          0x080001e5   Thumb Code     0  _printf_percent.o(.ARM.Collect$$_printf_percent$$00000000)
    _printf_p                                0x080001eb   Thumb Code     0  _printf_p.o(.ARM.Collect$$_printf_percent$$00000002)
    _printf_f                                0x080001f1   Thumb Code     0  _printf_f.o(.ARM.Collect$$_printf_percent$$00000003)
    _printf_e                                0x080001f7   Thumb Code     0  _printf_e.o(.ARM.Collect$$_printf_percent$$00000004)
    _printf_g                                0x080001fd   Thumb Code     0  _printf_g.o(.ARM.Collect$$_printf_percent$$00000005)
    _printf_a                                0x08000203   Thumb Code     0  _printf_a.o(.ARM.Collect$$_printf_percent$$00000006)
    _printf_ll                               0x08000209   Thumb Code     0  _printf_ll.o(.ARM.Collect$$_printf_percent$$00000007)
    _printf_i                                0x08000213   Thumb Code     0  _printf_i.o(.ARM.Collect$$_printf_percent$$00000008)
    _printf_d                                0x08000219   Thumb Code     0  _printf_d.o(.ARM.Collect$$_printf_percent$$00000009)
    _printf_u                                0x0800021f   Thumb Code     0  _printf_u.o(.ARM.Collect$$_printf_percent$$0000000A)
    _printf_o                                0x08000225   Thumb Code     0  _printf_o.o(.ARM.Collect$$_printf_percent$$0000000B)
    _printf_x                                0x0800022b   Thumb Code     0  _printf_x.o(.ARM.Collect$$_printf_percent$$0000000C)
    _printf_lli                              0x08000231   Thumb Code     0  _printf_lli.o(.ARM.Collect$$_printf_percent$$0000000D)
    _printf_lld                              0x08000237   Thumb Code     0  _printf_lld.o(.ARM.Collect$$_printf_percent$$0000000E)
    _printf_llu                              0x0800023d   Thumb Code     0  _printf_llu.o(.ARM.Collect$$_printf_percent$$0000000F)
    _printf_llo                              0x08000243   Thumb Code     0  _printf_llo.o(.ARM.Collect$$_printf_percent$$00000010)
    _printf_llx                              0x08000249   Thumb Code     0  _printf_llx.o(.ARM.Collect$$_printf_percent$$00000011)
    _printf_l                                0x0800024f   Thumb Code     0  _printf_l.o(.ARM.Collect$$_printf_percent$$00000012)
    _printf_c                                0x08000259   Thumb Code     0  _printf_c.o(.ARM.Collect$$_printf_percent$$00000013)
    _printf_s                                0x0800025f   Thumb Code     0  _printf_s.o(.ARM.Collect$$_printf_percent$$00000014)
    _printf_lc                               0x08000265   Thumb Code     0  _printf_lc.o(.ARM.Collect$$_printf_percent$$00000015)
    _printf_ls                               0x0800026b   Thumb Code     0  _printf_ls.o(.ARM.Collect$$_printf_percent$$00000016)
    _printf_percent_end                      0x08000271   Thumb Code     0  _printf_percent_end.o(.ARM.Collect$$_printf_percent$$00000017)
    __rt_lib_init                            0x08000275   Thumb Code     0  libinit.o(.ARM.Collect$$libinit$$00000000)
    __rt_lib_init_fp_1                       0x08000277   Thumb Code     0  libinit2.o(.ARM.Collect$$libinit$$00000002)
    __rt_lib_init_heap_1                     0x08000277   Thumb Code     0  libinit2.o(.ARM.Collect$$libinit$$0000000A)
    __rt_lib_init_lc_common                  0x08000277   Thumb Code     0  libinit2.o(.ARM.Collect$$libinit$$0000000F)
    __rt_lib_init_preinit_1                  0x08000277   Thumb Code     0  libinit2.o(.ARM.Collect$$libinit$$00000004)
    __rt_lib_init_rand_1                     0x08000277   Thumb Code     0  libinit2.o(.ARM.Collect$$libinit$$0000000E)
    __rt_lib_init_user_alloc_1               0x08000277   Thumb Code     0  libinit2.o(.ARM.Collect$$libinit$$0000000C)
    __rt_lib_init_lc_collate_1               0x0800027d   Thumb Code     0  libinit2.o(.ARM.Collect$$libinit$$00000011)
    __rt_lib_init_lc_ctype_2                 0x0800027d   Thumb Code     0  libinit2.o(.ARM.Collect$$libinit$$00000012)
    __rt_lib_init_lc_ctype_1                 0x08000289   Thumb Code     0  libinit2.o(.ARM.Collect$$libinit$$00000013)
    __rt_lib_init_lc_monetary_1              0x08000289   Thumb Code     0  libinit2.o(.ARM.Collect$$libinit$$00000015)
    __rt_lib_init_lc_numeric_2               0x08000289   Thumb Code     0  libinit2.o(.ARM.Collect$$libinit$$00000016)
    __rt_lib_init_alloca_1                   0x08000293   Thumb Code     0  libinit2.o(.ARM.Collect$$libinit$$0000002E)
    __rt_lib_init_argv_1                     0x08000293   Thumb Code     0  libinit2.o(.ARM.Collect$$libinit$$0000002C)
    __rt_lib_init_atexit_1                   0x08000293   Thumb Code     0  libinit2.o(.ARM.Collect$$libinit$$0000001B)
    __rt_lib_init_clock_1                    0x08000293   Thumb Code     0  libinit2.o(.ARM.Collect$$libinit$$00000021)
    __rt_lib_init_cpp_1                      0x08000293   Thumb Code     0  libinit2.o(.ARM.Collect$$libinit$$00000032)
    __rt_lib_init_exceptions_1               0x08000293   Thumb Code     0  libinit2.o(.ARM.Collect$$libinit$$00000030)
    __rt_lib_init_fp_trap_1                  0x08000293   Thumb Code     0  libinit2.o(.ARM.Collect$$libinit$$0000001F)
    __rt_lib_init_getenv_1                   0x08000293   Thumb Code     0  libinit2.o(.ARM.Collect$$libinit$$00000023)
    __rt_lib_init_lc_numeric_1               0x08000293   Thumb Code     0  libinit2.o(.ARM.Collect$$libinit$$00000017)
    __rt_lib_init_lc_time_1                  0x08000293   Thumb Code     0  libinit2.o(.ARM.Collect$$libinit$$00000019)
    __rt_lib_init_return                     0x08000293   Thumb Code     0  libinit2.o(.ARM.Collect$$libinit$$00000033)
    __rt_lib_init_signal_1                   0x08000293   Thumb Code     0  libinit2.o(.ARM.Collect$$libinit$$0000001D)
    __rt_lib_init_stdio_1                    0x08000293   Thumb Code     0  libinit2.o(.ARM.Collect$$libinit$$00000025)
    __rt_lib_shutdown                        0x08000295   Thumb Code     0  libshutdown.o(.ARM.Collect$$libshutdown$$00000000)
    __rt_lib_shutdown_cpp_1                  0x08000297   Thumb Code     0  libshutdown2.o(.ARM.Collect$$libshutdown$$00000002)
    __rt_lib_shutdown_fp_trap_1              0x08000297   Thumb Code     0  libshutdown2.o(.ARM.Collect$$libshutdown$$00000007)
    __rt_lib_shutdown_heap_1                 0x08000297   Thumb Code     0  libshutdown2.o(.ARM.Collect$$libshutdown$$0000000F)
    __rt_lib_shutdown_return                 0x08000297   Thumb Code     0  libshutdown2.o(.ARM.Collect$$libshutdown$$00000010)
    __rt_lib_shutdown_signal_1               0x08000297   Thumb Code     0  libshutdown2.o(.ARM.Collect$$libshutdown$$0000000A)
    __rt_lib_shutdown_stdio_1                0x08000297   Thumb Code     0  libshutdown2.o(.ARM.Collect$$libshutdown$$00000004)
    __rt_lib_shutdown_user_alloc_1           0x08000297   Thumb Code     0  libshutdown2.o(.ARM.Collect$$libshutdown$$0000000C)
    __rt_entry                               0x08000299   Thumb Code     0  __rtentry.o(.ARM.Collect$$rtentry$$00000000)
    __rt_entry_presh_1                       0x08000299   Thumb Code     0  __rtentry2.o(.ARM.Collect$$rtentry$$00000002)
    __rt_entry_sh                            0x08000299   Thumb Code     0  __rtentry4.o(.ARM.Collect$$rtentry$$00000004)
    __rt_entry_li                            0x0800029f   Thumb Code     0  __rtentry2.o(.ARM.Collect$$rtentry$$0000000A)
    __rt_entry_postsh_1                      0x0800029f   Thumb Code     0  __rtentry2.o(.ARM.Collect$$rtentry$$00000009)
    __rt_entry_main                          0x080002a3   Thumb Code     0  __rtentry2.o(.ARM.Collect$$rtentry$$0000000D)
    __rt_entry_postli_1                      0x080002a3   Thumb Code     0  __rtentry2.o(.ARM.Collect$$rtentry$$0000000C)
    __rt_exit                                0x080002ab   Thumb Code     0  rtexit.o(.ARM.Collect$$rtexit$$00000000)
    __rt_exit_ls                             0x080002ad   Thumb Code     0  rtexit2.o(.ARM.Collect$$rtexit$$00000003)
    __rt_exit_prels_1                        0x080002ad   Thumb Code     0  rtexit2.o(.ARM.Collect$$rtexit$$00000002)
    __rt_exit_exit                           0x080002b1   Thumb Code     0  rtexit2.o(.ARM.Collect$$rtexit$$00000004)
    main                                     0x080002b9   Thumb Code  1590  main.o(.text)
    NMI_Handler                              0x08000939   Thumb Code     2  stm32f10x_it.o(.text)
    HardFault_Handler                        0x0800093b   Thumb Code     4  stm32f10x_it.o(.text)
    MemManage_Handler                        0x0800093f   Thumb Code     4  stm32f10x_it.o(.text)
    BusFault_Handler                         0x08000943   Thumb Code     4  stm32f10x_it.o(.text)
    UsageFault_Handler                       0x08000947   Thumb Code     4  stm32f10x_it.o(.text)
    SVC_Handler                              0x0800094b   Thumb Code     2  stm32f10x_it.o(.text)
    DebugMon_Handler                         0x0800094d   Thumb Code     2  stm32f10x_it.o(.text)
    PendSV_Handler                           0x0800094f   Thumb Code     2  stm32f10x_it.o(.text)
    SysTick_Handler                          0x08000951   Thumb Code     2  stm32f10x_it.o(.text)
    SystemInit                               0x08000a33   Thumb Code    78  system_stm32f10x.o(.text)
    SystemCoreClockUpdate                    0x08000a81   Thumb Code   142  system_stm32f10x.o(.text)
    LED_Init                                 0x08000b35   Thumb Code    46  led.o(.text)
    KEY_Init                                 0x08000b69   Thumb Code    46  key.o(.text)
    KEY_Scan                                 0x08000b97   Thumb Code   258  key.o(.text)
    TIM3_Int_Init                            0x08000ca5   Thumb Code    90  timer.o(.text)
    TIM3_IRQHandler                          0x08000cff   Thumb Code    78  timer.o(.text)
    TIM4_PWM_Init                            0x08000d4d   Thumb Code   172  timer.o(.text)
    delay_nms                                0x08000e19   Thumb Code    28  ads115.o(.text)
    delay_nus                                0x08000e35   Thumb Code    28  ads115.o(.text)
    ADS1115_Init                             0x08000e51   Thumb Code    84  ads115.o(.text)
    I2CStart_A                               0x08000ea5   Thumb Code    56  ads115.o(.text)
    I2CStop_A                                0x08000edd   Thumb Code    42  ads115.o(.text)
    I2CWriteByte_A                           0x08000f07   Thumb Code    98  ads115.o(.text)
    I2CReadByte_A                            0x08000f69   Thumb Code   118  ads115.o(.text)
    ADS1115Config_A                          0x08000fdf   Thumb Code    68  ads115.o(.text)
    SetThresHold_A                           0x08001023   Thumb Code    78  ads115.o(.text)
    ReadAD_A                                 0x08001071   Thumb Code    86  ads115.o(.text)
    getad                                    0x080010c7   Thumb Code    42  ads115.o(.text)
    lvbo                                     0x080010f1   Thumb Code    70  ads115.o(.text)
    IIC_Start                                0x08001155   Thumb Code    36  oled.o(.text)
    IIC_Stop                                 0x08001179   Thumb Code    28  oled.o(.text)
    IIC_Wait_Ack                             0x08001195   Thumb Code    20  oled.o(.text)
    Write_IIC_Byte                           0x080011a9   Thumb Code    80  oled.o(.text)
    Write_IIC_Command                        0x080011f9   Thumb Code    44  oled.o(.text)
    Write_IIC_Data                           0x08001225   Thumb Code    44  oled.o(.text)
    OLED_WR_Byte                             0x08001251   Thumb Code    24  oled.o(.text)
    fill_picture                             0x08001269   Thumb Code    64  oled.o(.text)
    Delay_50ms                               0x080012a9   Thumb Code    22  oled.o(.text)
    Delay_1ms                                0x080012bf   Thumb Code    26  oled.o(.text)
    OLED_Set_Pos                             0x080012d9   Thumb Code    46  oled.o(.text)
    OLED_Display_On                          0x08001307   Thumb Code    28  oled.o(.text)
    OLED_Display_Off                         0x08001323   Thumb Code    28  oled.o(.text)
    OLED_Clear                               0x0800133f   Thumb Code    62  oled.o(.text)
    OLED_On                                  0x0800137d   Thumb Code    62  oled.o(.text)
    OLED_ShowChar                            0x080013bb   Thumb Code   154  oled.o(.text)
    oled_pow                                 0x08001455   Thumb Code    22  oled.o(.text)
    OLED_ShowNum                             0x0800146b   Thumb Code   136  oled.o(.text)
    OLED_ShowString                          0x080014f3   Thumb Code    58  oled.o(.text)
    OLED_ShowCHinese                         0x0800152d   Thumb Code   110  oled.o(.text)
    OLED_DrawBMP                             0x0800159b   Thumb Code   118  oled.o(.text)
    OLED_Init                                0x08001611   Thumb Code   268  oled.o(.text)
    SPI2_Init                                0x08001725   Thumb Code   120  spi.o(.text)
    SPI2_ReadWriteByte                       0x0800179d   Thumb Code    78  spi.o(.text)
    ADS1292_SPI                              0x080017f5   Thumb Code    12  ads1292.o(.text)
    ADS1292_WR_REGS                          0x08001801   Thumb Code   120  ads1292.o(.text)
    ADS1292_Send_CMD                         0x08001879   Thumb Code    38  ads1292.o(.text)
    ADS1292_PowerOnInit                      0x0800189f   Thumb Code    80  ads1292.o(.text)
    ADS1292_Init                             0x080018ef   Thumb Code    70  ads1292.o(.text)
    ADS1292_Read_Data                        0x08001935   Thumb Code    42  ads1292.o(.text)
    ADS1292_SET_REGBUFF                      0x0800195f   Thumb Code   574  ads1292.o(.text)
    ADS1292_WRITE_REGBUFF                    0x08001b9d   Thumb Code   264  ads1292.o(.text)
    ADS1292_Single_Test                      0x08001ca5   Thumb Code    38  ads1292.o(.text)
    ADS1292_Noise_Test                       0x08001ccb   Thumb Code    38  ads1292.o(.text)
    ADS1292_Single_Read                      0x08001cf1   Thumb Code    36  ads1292.o(.text)
    Set_ADS1292_Collect                      0x08001d15   Thumb Code    82  ads1292.o(.text)
    get_volt                                 0x08001d67   Thumb Code    10  ads1292.o(.text)
    DMA_Config                               0x08001da5   Thumb Code   100  dma.o(.text)
    DMA_Enable                               0x08001e09   Thumb Code    20  dma.o(.text)
    EXTIX_Init                               0x08001e21   Thumb Code   100  exti.o(.text)
    EXTI9_5_IRQHandler                       0x08001e85   Thumb Code    38  exti.o(.text)
    SMBus_Delay                              0x08001ec1   Thumb Code    26  mlx90614.o(.text)
    SMBus_StartBit                           0x08001edb   Thumb Code    62  mlx90614.o(.text)
    SMBus_StopBit                            0x08001f19   Thumb Code    56  mlx90614.o(.text)
    SMBus_ReceiveBit                         0x08001f51   Thumb Code    66  mlx90614.o(.text)
    SMBus_SendBit                            0x08001f93   Thumb Code    62  mlx90614.o(.text)
    SMBus_SendByte                           0x08001fd1   Thumb Code    48  mlx90614.o(.text)
    SMBus_ReceiveByte                        0x08002001   Thumb Code    50  mlx90614.o(.text)
    SMBus_Init                               0x08002033   Thumb Code    84  mlx90614.o(.text)
    PEC_Calculation                          0x08002087   Thumb Code   186  mlx90614.o(.text)
    SMBus_ReadMemory                         0x08002141   Thumb Code   166  mlx90614.o(.text)
    SMBus_ReadTemp                           0x080021e7   Thumb Code    54  mlx90614.o(.text)
    Get_GY906                                0x0800221d   Thumb Code    74  mlx90614.o(.text)
    BEEP_Init                                0x08002281   Thumb Code    46  beep.o(.text)
    Adc_Init                                 0x080022b5   Thumb Code   132  adc.o(.text)
    Get_Adc                                  0x08002339   Thumb Code    46  adc.o(.text)
    Get_Adc_Average                          0x08002367   Thumb Code    46  adc.o(.text)
    delay_init                               0x0800239d   Thumb Code    50  delay.o(.text)
    delay_us                                 0x080023cf   Thumb Code    72  delay.o(.text)
    delay_ms                                 0x08002417   Thumb Code    72  delay.o(.text)
    delay_s                                  0x0800245f   Thumb Code   106  delay.o(.text)
    _sys_exit                                0x080024d9   Thumb Code     4  usart.o(.text)
    fputc                                    0x080024dd   Thumb Code    24  usart.o(.text)
    uart_init                                0x080024f5   Thumb Code   152  usart.o(.text)
    USART1_IRQHandler                        0x0800258d   Thumb Code   122  usart.o(.text)
    uart4_init                               0x08002619   Thumb Code   158  uart4.o(.text)
    UART4_IRQHandler                         0x080026b7   Thumb Code   122  uart4.o(.text)
    u4_printf                                0x08002731   Thumb Code    72  uart4.o(.text)
    Reset_Handler                            0x0800278d   Thumb Code     8  startup_stm32f10x_hd.o(.text)
    ADC1_2_IRQHandler                        0x080027a7   Thumb Code     0  startup_stm32f10x_hd.o(.text)
    ADC3_IRQHandler                          0x080027a7   Thumb Code     0  startup_stm32f10x_hd.o(.text)
    CAN1_RX1_IRQHandler                      0x080027a7   Thumb Code     0  startup_stm32f10x_hd.o(.text)
    CAN1_SCE_IRQHandler                      0x080027a7   Thumb Code     0  startup_stm32f10x_hd.o(.text)
    DMA1_Channel1_IRQHandler                 0x080027a7   Thumb Code     0  startup_stm32f10x_hd.o(.text)
    DMA1_Channel2_IRQHandler                 0x080027a7   Thumb Code     0  startup_stm32f10x_hd.o(.text)
    DMA1_Channel3_IRQHandler                 0x080027a7   Thumb Code     0  startup_stm32f10x_hd.o(.text)
    DMA1_Channel4_IRQHandler                 0x080027a7   Thumb Code     0  startup_stm32f10x_hd.o(.text)
    DMA1_Channel5_IRQHandler                 0x080027a7   Thumb Code     0  startup_stm32f10x_hd.o(.text)
    DMA1_Channel6_IRQHandler                 0x080027a7   Thumb Code     0  startup_stm32f10x_hd.o(.text)
    DMA1_Channel7_IRQHandler                 0x080027a7   Thumb Code     0  startup_stm32f10x_hd.o(.text)
    DMA2_Channel1_IRQHandler                 0x080027a7   Thumb Code     0  startup_stm32f10x_hd.o(.text)
    DMA2_Channel2_IRQHandler                 0x080027a7   Thumb Code     0  startup_stm32f10x_hd.o(.text)
    DMA2_Channel3_IRQHandler                 0x080027a7   Thumb Code     0  startup_stm32f10x_hd.o(.text)
    DMA2_Channel4_5_IRQHandler               0x080027a7   Thumb Code     0  startup_stm32f10x_hd.o(.text)
    EXTI0_IRQHandler                         0x080027a7   Thumb Code     0  startup_stm32f10x_hd.o(.text)
    EXTI15_10_IRQHandler                     0x080027a7   Thumb Code     0  startup_stm32f10x_hd.o(.text)
    EXTI1_IRQHandler                         0x080027a7   Thumb Code     0  startup_stm32f10x_hd.o(.text)
    EXTI2_IRQHandler                         0x080027a7   Thumb Code     0  startup_stm32f10x_hd.o(.text)
    EXTI3_IRQHandler                         0x080027a7   Thumb Code     0  startup_stm32f10x_hd.o(.text)
    EXTI4_IRQHandler                         0x080027a7   Thumb Code     0  startup_stm32f10x_hd.o(.text)
    FLASH_IRQHandler                         0x080027a7   Thumb Code     0  startup_stm32f10x_hd.o(.text)
    FSMC_IRQHandler                          0x080027a7   Thumb Code     0  startup_stm32f10x_hd.o(.text)
    I2C1_ER_IRQHandler                       0x080027a7   Thumb Code     0  startup_stm32f10x_hd.o(.text)
    I2C1_EV_IRQHandler                       0x080027a7   Thumb Code     0  startup_stm32f10x_hd.o(.text)
    I2C2_ER_IRQHandler                       0x080027a7   Thumb Code     0  startup_stm32f10x_hd.o(.text)
    I2C2_EV_IRQHandler                       0x080027a7   Thumb Code     0  startup_stm32f10x_hd.o(.text)
    PVD_IRQHandler                           0x080027a7   Thumb Code     0  startup_stm32f10x_hd.o(.text)
    RCC_IRQHandler                           0x080027a7   Thumb Code     0  startup_stm32f10x_hd.o(.text)
    RTCAlarm_IRQHandler                      0x080027a7   Thumb Code     0  startup_stm32f10x_hd.o(.text)
    RTC_IRQHandler                           0x080027a7   Thumb Code     0  startup_stm32f10x_hd.o(.text)
    SDIO_IRQHandler                          0x080027a7   Thumb Code     0  startup_stm32f10x_hd.o(.text)
    SPI1_IRQHandler                          0x080027a7   Thumb Code     0  startup_stm32f10x_hd.o(.text)
    SPI2_IRQHandler                          0x080027a7   Thumb Code     0  startup_stm32f10x_hd.o(.text)
    SPI3_IRQHandler                          0x080027a7   Thumb Code     0  startup_stm32f10x_hd.o(.text)
    TAMPER_IRQHandler                        0x080027a7   Thumb Code     0  startup_stm32f10x_hd.o(.text)
    TIM1_BRK_IRQHandler                      0x080027a7   Thumb Code     0  startup_stm32f10x_hd.o(.text)
    TIM1_CC_IRQHandler                       0x080027a7   Thumb Code     0  startup_stm32f10x_hd.o(.text)
    TIM1_TRG_COM_IRQHandler                  0x080027a7   Thumb Code     0  startup_stm32f10x_hd.o(.text)
    TIM1_UP_IRQHandler                       0x080027a7   Thumb Code     0  startup_stm32f10x_hd.o(.text)
    TIM2_IRQHandler                          0x080027a7   Thumb Code     0  startup_stm32f10x_hd.o(.text)
    TIM4_IRQHandler                          0x080027a7   Thumb Code     0  startup_stm32f10x_hd.o(.text)
    TIM5_IRQHandler                          0x080027a7   Thumb Code     0  startup_stm32f10x_hd.o(.text)
    TIM6_IRQHandler                          0x080027a7   Thumb Code     0  startup_stm32f10x_hd.o(.text)
    TIM7_IRQHandler                          0x080027a7   Thumb Code     0  startup_stm32f10x_hd.o(.text)
    TIM8_BRK_IRQHandler                      0x080027a7   Thumb Code     0  startup_stm32f10x_hd.o(.text)
    TIM8_CC_IRQHandler                       0x080027a7   Thumb Code     0  startup_stm32f10x_hd.o(.text)
    TIM8_TRG_COM_IRQHandler                  0x080027a7   Thumb Code     0  startup_stm32f10x_hd.o(.text)
    TIM8_UP_IRQHandler                       0x080027a7   Thumb Code     0  startup_stm32f10x_hd.o(.text)
    UART5_IRQHandler                         0x080027a7   Thumb Code     0  startup_stm32f10x_hd.o(.text)
    USART2_IRQHandler                        0x080027a7   Thumb Code     0  startup_stm32f10x_hd.o(.text)
    USART3_IRQHandler                        0x080027a7   Thumb Code     0  startup_stm32f10x_hd.o(.text)
    USBWakeUp_IRQHandler                     0x080027a7   Thumb Code     0  startup_stm32f10x_hd.o(.text)
    USB_HP_CAN1_TX_IRQHandler                0x080027a7   Thumb Code     0  startup_stm32f10x_hd.o(.text)
    USB_LP_CAN1_RX0_IRQHandler               0x080027a7   Thumb Code     0  startup_stm32f10x_hd.o(.text)
    WWDG_IRQHandler                          0x080027a7   Thumb Code     0  startup_stm32f10x_hd.o(.text)
    __user_initial_stackheap                 0x080027a9   Thumb Code     0  startup_stm32f10x_hd.o(.text)
    NVIC_PriorityGroupConfig                 0x080027cd   Thumb Code    10  misc.o(.text)
    NVIC_Init                                0x080027d7   Thumb Code   100  misc.o(.text)
    NVIC_SetVectorTable                      0x0800283b   Thumb Code    14  misc.o(.text)
    NVIC_SystemLPConfig                      0x08002849   Thumb Code    34  misc.o(.text)
    SysTick_CLKSourceConfig                  0x0800286b   Thumb Code    40  misc.o(.text)
    GPIO_DeInit                              0x080028a9   Thumb Code   172  stm32f10x_gpio.o(.text)
    GPIO_AFIODeInit                          0x08002955   Thumb Code    20  stm32f10x_gpio.o(.text)
    GPIO_Init                                0x08002969   Thumb Code   278  stm32f10x_gpio.o(.text)
    GPIO_StructInit                          0x08002a7f   Thumb Code    16  stm32f10x_gpio.o(.text)
    GPIO_ReadInputDataBit                    0x08002a8f   Thumb Code    18  stm32f10x_gpio.o(.text)
    GPIO_ReadInputData                       0x08002aa1   Thumb Code     8  stm32f10x_gpio.o(.text)
    GPIO_ReadOutputDataBit                   0x08002aa9   Thumb Code    18  stm32f10x_gpio.o(.text)
    GPIO_ReadOutputData                      0x08002abb   Thumb Code     8  stm32f10x_gpio.o(.text)
    GPIO_SetBits                             0x08002ac3   Thumb Code     4  stm32f10x_gpio.o(.text)
    GPIO_ResetBits                           0x08002ac7   Thumb Code     4  stm32f10x_gpio.o(.text)
    GPIO_WriteBit                            0x08002acb   Thumb Code    10  stm32f10x_gpio.o(.text)
    GPIO_Write                               0x08002ad5   Thumb Code     4  stm32f10x_gpio.o(.text)
    GPIO_PinLockConfig                       0x08002ad9   Thumb Code    18  stm32f10x_gpio.o(.text)
    GPIO_EventOutputConfig                   0x08002aeb   Thumb Code    26  stm32f10x_gpio.o(.text)
    GPIO_EventOutputCmd                      0x08002b05   Thumb Code     6  stm32f10x_gpio.o(.text)
    GPIO_PinRemapConfig                      0x08002b0b   Thumb Code   138  stm32f10x_gpio.o(.text)
    GPIO_EXTILineConfig                      0x08002b95   Thumb Code    66  stm32f10x_gpio.o(.text)
    GPIO_ETH_MediaInterfaceConfig            0x08002bd7   Thumb Code     8  stm32f10x_gpio.o(.text)
    RCC_DeInit                               0x08002c05   Thumb Code    64  stm32f10x_rcc.o(.text)
    RCC_HSEConfig                            0x08002c45   Thumb Code    70  stm32f10x_rcc.o(.text)
    RCC_GetFlagStatus                        0x08002c8b   Thumb Code    56  stm32f10x_rcc.o(.text)
    RCC_WaitForHSEStartUp                    0x08002cc3   Thumb Code    56  stm32f10x_rcc.o(.text)
    RCC_AdjustHSICalibrationValue            0x08002cfb   Thumb Code    20  stm32f10x_rcc.o(.text)
    RCC_HSICmd                               0x08002d0f   Thumb Code     6  stm32f10x_rcc.o(.text)
    RCC_PLLConfig                            0x08002d15   Thumb Code    24  stm32f10x_rcc.o(.text)
    RCC_PLLCmd                               0x08002d2d   Thumb Code     6  stm32f10x_rcc.o(.text)
    RCC_SYSCLKConfig                         0x08002d33   Thumb Code    18  stm32f10x_rcc.o(.text)
    RCC_GetSYSCLKSource                      0x08002d45   Thumb Code    10  stm32f10x_rcc.o(.text)
    RCC_HCLKConfig                           0x08002d4f   Thumb Code    18  stm32f10x_rcc.o(.text)
    RCC_PCLK1Config                          0x08002d61   Thumb Code    18  stm32f10x_rcc.o(.text)
    RCC_PCLK2Config                          0x08002d73   Thumb Code    20  stm32f10x_rcc.o(.text)
    RCC_ITConfig                             0x08002d87   Thumb Code    26  stm32f10x_rcc.o(.text)
    RCC_USBCLKConfig                         0x08002da1   Thumb Code     8  stm32f10x_rcc.o(.text)
    RCC_ADCCLKConfig                         0x08002da9   Thumb Code    18  stm32f10x_rcc.o(.text)
    RCC_LSEConfig                            0x08002dbb   Thumb Code    50  stm32f10x_rcc.o(.text)
    RCC_LSICmd                               0x08002ded   Thumb Code     6  stm32f10x_rcc.o(.text)
    RCC_RTCCLKConfig                         0x08002df3   Thumb Code    12  stm32f10x_rcc.o(.text)
    RCC_RTCCLKCmd                            0x08002dff   Thumb Code     8  stm32f10x_rcc.o(.text)
    RCC_GetClocksFreq                        0x08002e07   Thumb Code   192  stm32f10x_rcc.o(.text)
    RCC_AHBPeriphClockCmd                    0x08002ec7   Thumb Code    26  stm32f10x_rcc.o(.text)
    RCC_APB2PeriphClockCmd                   0x08002ee1   Thumb Code    26  stm32f10x_rcc.o(.text)
    RCC_APB1PeriphClockCmd                   0x08002efb   Thumb Code    26  stm32f10x_rcc.o(.text)
    RCC_APB2PeriphResetCmd                   0x08002f15   Thumb Code    26  stm32f10x_rcc.o(.text)
    RCC_APB1PeriphResetCmd                   0x08002f2f   Thumb Code    26  stm32f10x_rcc.o(.text)
    RCC_BackupResetCmd                       0x08002f49   Thumb Code     8  stm32f10x_rcc.o(.text)
    RCC_ClockSecuritySystemCmd               0x08002f51   Thumb Code     6  stm32f10x_rcc.o(.text)
    RCC_MCOConfig                            0x08002f57   Thumb Code     6  stm32f10x_rcc.o(.text)
    RCC_ClearFlag                            0x08002f5d   Thumb Code    14  stm32f10x_rcc.o(.text)
    RCC_GetITStatus                          0x08002f6b   Thumb Code    20  stm32f10x_rcc.o(.text)
    RCC_ClearITPendingBit                    0x08002f7f   Thumb Code     6  stm32f10x_rcc.o(.text)
    TIM_DeInit                               0x08002fa9   Thumb Code   424  stm32f10x_tim.o(.text)
    TIM_TimeBaseInit                         0x08003151   Thumb Code   122  stm32f10x_tim.o(.text)
    TIM_OC1Init                              0x080031cb   Thumb Code   132  stm32f10x_tim.o(.text)
    TIM_OC2Init                              0x0800324f   Thumb Code   154  stm32f10x_tim.o(.text)
    TIM_OC3Init                              0x080032e9   Thumb Code   150  stm32f10x_tim.o(.text)
    TIM_OC4Init                              0x0800337f   Thumb Code   182  stm32f10x_tim.o(.text)
    TIM_SetIC4Prescaler                      0x08003435   Thumb Code    26  stm32f10x_tim.o(.text)
    TIM_SetIC3Prescaler                      0x080034d1   Thumb Code    18  stm32f10x_tim.o(.text)
    TIM_SetIC2Prescaler                      0x0800355d   Thumb Code    26  stm32f10x_tim.o(.text)
    TIM_SetIC1Prescaler                      0x080035f9   Thumb Code    18  stm32f10x_tim.o(.text)
    TIM_ICInit                               0x08003677   Thumb Code   150  stm32f10x_tim.o(.text)
    TIM_PWMIConfig                           0x0800370d   Thumb Code   124  stm32f10x_tim.o(.text)
    TIM_BDTRConfig                           0x08003789   Thumb Code    32  stm32f10x_tim.o(.text)
    TIM_TimeBaseStructInit                   0x080037a9   Thumb Code    18  stm32f10x_tim.o(.text)
    TIM_OCStructInit                         0x080037bb   Thumb Code    20  stm32f10x_tim.o(.text)
    TIM_ICStructInit                         0x080037cf   Thumb Code    18  stm32f10x_tim.o(.text)
    TIM_BDTRStructInit                       0x080037e1   Thumb Code    40  stm32f10x_tim.o(.text)
    TIM_Cmd                                  0x08003809   Thumb Code    24  stm32f10x_tim.o(.text)
    TIM_CtrlPWMOutputs                       0x08003821   Thumb Code    30  stm32f10x_tim.o(.text)
    TIM_ITConfig                             0x0800383f   Thumb Code    18  stm32f10x_tim.o(.text)
    TIM_GenerateEvent                        0x08003851   Thumb Code     4  stm32f10x_tim.o(.text)
    TIM_DMAConfig                            0x08003855   Thumb Code    10  stm32f10x_tim.o(.text)
    TIM_DMACmd                               0x0800385f   Thumb Code    18  stm32f10x_tim.o(.text)
    TIM_InternalClockConfig                  0x08003871   Thumb Code    12  stm32f10x_tim.o(.text)
    TIM_SelectInputTrigger                   0x0800387d   Thumb Code    18  stm32f10x_tim.o(.text)
    TIM_ITRxExternalClockConfig              0x0800388f   Thumb Code    24  stm32f10x_tim.o(.text)
    TIM_TIxExternalClockConfig               0x080038a7   Thumb Code    62  stm32f10x_tim.o(.text)
    TIM_ETRConfig                            0x080038e5   Thumb Code    28  stm32f10x_tim.o(.text)
    TIM_ETRClockMode1Config                  0x08003901   Thumb Code    54  stm32f10x_tim.o(.text)
    TIM_ETRClockMode2Config                  0x08003937   Thumb Code    32  stm32f10x_tim.o(.text)
    TIM_PrescalerConfig                      0x08003957   Thumb Code     6  stm32f10x_tim.o(.text)
    TIM_CounterModeConfig                    0x0800395d   Thumb Code    18  stm32f10x_tim.o(.text)
    TIM_EncoderInterfaceConfig               0x0800396f   Thumb Code    66  stm32f10x_tim.o(.text)
    TIM_ForcedOC1Config                      0x080039b1   Thumb Code    18  stm32f10x_tim.o(.text)
    TIM_ForcedOC2Config                      0x080039c3   Thumb Code    26  stm32f10x_tim.o(.text)
    TIM_ForcedOC3Config                      0x080039dd   Thumb Code    18  stm32f10x_tim.o(.text)
    TIM_ForcedOC4Config                      0x080039ef   Thumb Code    26  stm32f10x_tim.o(.text)
    TIM_ARRPreloadConfig                     0x08003a09   Thumb Code    24  stm32f10x_tim.o(.text)
    TIM_SelectCOM                            0x08003a21   Thumb Code    24  stm32f10x_tim.o(.text)
    TIM_SelectCCDMA                          0x08003a39   Thumb Code    24  stm32f10x_tim.o(.text)
    TIM_CCPreloadControl                     0x08003a51   Thumb Code    24  stm32f10x_tim.o(.text)
    TIM_OC1PreloadConfig                     0x08003a69   Thumb Code    18  stm32f10x_tim.o(.text)
    TIM_OC2PreloadConfig                     0x08003a7b   Thumb Code    26  stm32f10x_tim.o(.text)
    TIM_OC3PreloadConfig                     0x08003a95   Thumb Code    18  stm32f10x_tim.o(.text)
    TIM_OC4PreloadConfig                     0x08003aa7   Thumb Code    26  stm32f10x_tim.o(.text)
    TIM_OC1FastConfig                        0x08003ac1   Thumb Code    18  stm32f10x_tim.o(.text)
    TIM_OC2FastConfig                        0x08003ad3   Thumb Code    26  stm32f10x_tim.o(.text)
    TIM_OC3FastConfig                        0x08003aed   Thumb Code    18  stm32f10x_tim.o(.text)
    TIM_OC4FastConfig                        0x08003aff   Thumb Code    26  stm32f10x_tim.o(.text)
    TIM_ClearOC1Ref                          0x08003b19   Thumb Code    18  stm32f10x_tim.o(.text)
    TIM_ClearOC2Ref                          0x08003b2b   Thumb Code    24  stm32f10x_tim.o(.text)
    TIM_ClearOC3Ref                          0x08003b43   Thumb Code    18  stm32f10x_tim.o(.text)
    TIM_ClearOC4Ref                          0x08003b55   Thumb Code    24  stm32f10x_tim.o(.text)
    TIM_OC1PolarityConfig                    0x08003b6d   Thumb Code    18  stm32f10x_tim.o(.text)
    TIM_OC1NPolarityConfig                   0x08003b7f   Thumb Code    18  stm32f10x_tim.o(.text)
    TIM_OC2PolarityConfig                    0x08003b91   Thumb Code    26  stm32f10x_tim.o(.text)
    TIM_OC2NPolarityConfig                   0x08003bab   Thumb Code    26  stm32f10x_tim.o(.text)
    TIM_OC3PolarityConfig                    0x08003bc5   Thumb Code    26  stm32f10x_tim.o(.text)
    TIM_OC3NPolarityConfig                   0x08003bdf   Thumb Code    26  stm32f10x_tim.o(.text)
    TIM_OC4PolarityConfig                    0x08003bf9   Thumb Code    26  stm32f10x_tim.o(.text)
    TIM_CCxCmd                               0x08003c13   Thumb Code    30  stm32f10x_tim.o(.text)
    TIM_CCxNCmd                              0x08003c31   Thumb Code    30  stm32f10x_tim.o(.text)
    TIM_SelectOCxM                           0x08003c4f   Thumb Code    82  stm32f10x_tim.o(.text)
    TIM_UpdateDisableConfig                  0x08003ca1   Thumb Code    24  stm32f10x_tim.o(.text)
    TIM_UpdateRequestConfig                  0x08003cb9   Thumb Code    24  stm32f10x_tim.o(.text)
    TIM_SelectHallSensor                     0x08003cd1   Thumb Code    24  stm32f10x_tim.o(.text)
    TIM_SelectOnePulseMode                   0x08003ce9   Thumb Code    18  stm32f10x_tim.o(.text)
    TIM_SelectOutputTrigger                  0x08003cfb   Thumb Code    18  stm32f10x_tim.o(.text)
    TIM_SelectSlaveMode                      0x08003d0d   Thumb Code    18  stm32f10x_tim.o(.text)
    TIM_SelectMasterSlaveMode                0x08003d1f   Thumb Code    18  stm32f10x_tim.o(.text)
    TIM_SetCounter                           0x08003d31   Thumb Code     4  stm32f10x_tim.o(.text)
    TIM_SetAutoreload                        0x08003d35   Thumb Code     4  stm32f10x_tim.o(.text)
    TIM_SetCompare1                          0x08003d39   Thumb Code     4  stm32f10x_tim.o(.text)
    TIM_SetCompare2                          0x08003d3d   Thumb Code     4  stm32f10x_tim.o(.text)
    TIM_SetCompare3                          0x08003d41   Thumb Code     4  stm32f10x_tim.o(.text)
    TIM_SetCompare4                          0x08003d45   Thumb Code     6  stm32f10x_tim.o(.text)
    TIM_SetClockDivision                     0x08003d4b   Thumb Code    18  stm32f10x_tim.o(.text)
    TIM_GetCapture1                          0x08003d5d   Thumb Code     6  stm32f10x_tim.o(.text)
    TIM_GetCapture2                          0x08003d63   Thumb Code     6  stm32f10x_tim.o(.text)
    TIM_GetCapture3                          0x08003d69   Thumb Code     6  stm32f10x_tim.o(.text)
    TIM_GetCapture4                          0x08003d6f   Thumb Code     8  stm32f10x_tim.o(.text)
    TIM_GetCounter                           0x08003d77   Thumb Code     6  stm32f10x_tim.o(.text)
    TIM_GetPrescaler                         0x08003d7d   Thumb Code     6  stm32f10x_tim.o(.text)
    TIM_GetFlagStatus                        0x08003d83   Thumb Code    18  stm32f10x_tim.o(.text)
    TIM_ClearFlag                            0x08003d95   Thumb Code     6  stm32f10x_tim.o(.text)
    TIM_GetITStatus                          0x08003d9b   Thumb Code    34  stm32f10x_tim.o(.text)
    TIM_ClearITPendingBit                    0x08003dbd   Thumb Code     6  stm32f10x_tim.o(.text)
    USART_DeInit                             0x08003dc5   Thumb Code   134  stm32f10x_usart.o(.text)
    USART_Init                               0x08003e4b   Thumb Code   210  stm32f10x_usart.o(.text)
    USART_StructInit                         0x08003f1d   Thumb Code    24  stm32f10x_usart.o(.text)
    USART_ClockInit                          0x08003f35   Thumb Code    34  stm32f10x_usart.o(.text)
    USART_ClockStructInit                    0x08003f57   Thumb Code    12  stm32f10x_usart.o(.text)
    USART_Cmd                                0x08003f63   Thumb Code    24  stm32f10x_usart.o(.text)
    USART_ITConfig                           0x08003f7b   Thumb Code    74  stm32f10x_usart.o(.text)
    USART_DMACmd                             0x08003fc5   Thumb Code    18  stm32f10x_usart.o(.text)
    USART_SetAddress                         0x08003fd7   Thumb Code    18  stm32f10x_usart.o(.text)
    USART_WakeUpConfig                       0x08003fe9   Thumb Code    18  stm32f10x_usart.o(.text)
    USART_ReceiverWakeUpCmd                  0x08003ffb   Thumb Code    24  stm32f10x_usart.o(.text)
    USART_LINBreakDetectLengthConfig         0x08004013   Thumb Code    18  stm32f10x_usart.o(.text)
    USART_LINCmd                             0x08004025   Thumb Code    24  stm32f10x_usart.o(.text)
    USART_SendData                           0x0800403d   Thumb Code     8  stm32f10x_usart.o(.text)
    USART_ReceiveData                        0x08004045   Thumb Code    10  stm32f10x_usart.o(.text)
    USART_SendBreak                          0x0800404f   Thumb Code    10  stm32f10x_usart.o(.text)
    USART_SetGuardTime                       0x08004059   Thumb Code    16  stm32f10x_usart.o(.text)
    USART_SetPrescaler                       0x08004069   Thumb Code    16  stm32f10x_usart.o(.text)
    USART_SmartCardCmd                       0x08004079   Thumb Code    24  stm32f10x_usart.o(.text)
    USART_SmartCardNACKCmd                   0x08004091   Thumb Code    24  stm32f10x_usart.o(.text)
    USART_HalfDuplexCmd                      0x080040a9   Thumb Code    24  stm32f10x_usart.o(.text)
    USART_OverSampling8Cmd                   0x080040c1   Thumb Code    22  stm32f10x_usart.o(.text)
    USART_OneBitMethodCmd                    0x080040d7   Thumb Code    24  stm32f10x_usart.o(.text)
    USART_IrDAConfig                         0x080040ef   Thumb Code    18  stm32f10x_usart.o(.text)
    USART_IrDACmd                            0x08004101   Thumb Code    24  stm32f10x_usart.o(.text)
    USART_GetFlagStatus                      0x08004119   Thumb Code    26  stm32f10x_usart.o(.text)
    USART_ClearFlag                          0x08004133   Thumb Code    18  stm32f10x_usart.o(.text)
    USART_GetITStatus                        0x08004145   Thumb Code    84  stm32f10x_usart.o(.text)
    USART_ClearITPendingBit                  0x08004199   Thumb Code    52  stm32f10x_usart.o(.text)
    EXTI_DeInit                              0x080041cd   Thumb Code    28  stm32f10x_exti.o(.text)
    EXTI_Init                                0x080041e9   Thumb Code   142  stm32f10x_exti.o(.text)
    EXTI_StructInit                          0x08004277   Thumb Code    16  stm32f10x_exti.o(.text)
    EXTI_GenerateSWInterrupt                 0x08004287   Thumb Code    16  stm32f10x_exti.o(.text)
    EXTI_GetFlagStatus                       0x08004297   Thumb Code    22  stm32f10x_exti.o(.text)
    EXTI_ClearFlag                           0x080042ad   Thumb Code     8  stm32f10x_exti.o(.text)
    EXTI_GetITStatus                         0x080042b5   Thumb Code    34  stm32f10x_exti.o(.text)
    EXTI_ClearITPendingBit                   0x080042d7   Thumb Code     8  stm32f10x_exti.o(.text)
    SPI_I2S_DeInit                           0x080042e9   Thumb Code    76  stm32f10x_spi.o(.text)
    SPI_Init                                 0x08004335   Thumb Code    60  stm32f10x_spi.o(.text)
    I2S_Init                                 0x08004371   Thumb Code   226  stm32f10x_spi.o(.text)
    SPI_StructInit                           0x08004453   Thumb Code    24  stm32f10x_spi.o(.text)
    I2S_StructInit                           0x0800446b   Thumb Code    20  stm32f10x_spi.o(.text)
    SPI_Cmd                                  0x0800447f   Thumb Code    24  stm32f10x_spi.o(.text)
    I2S_Cmd                                  0x08004497   Thumb Code    24  stm32f10x_spi.o(.text)
    SPI_I2S_ITConfig                         0x080044af   Thumb Code    32  stm32f10x_spi.o(.text)
    SPI_I2S_DMACmd                           0x080044cf   Thumb Code    18  stm32f10x_spi.o(.text)
    SPI_I2S_SendData                         0x080044e1   Thumb Code     4  stm32f10x_spi.o(.text)
    SPI_I2S_ReceiveData                      0x080044e5   Thumb Code     6  stm32f10x_spi.o(.text)
    SPI_NSSInternalSoftwareConfig            0x080044eb   Thumb Code    30  stm32f10x_spi.o(.text)
    SPI_SSOutputCmd                          0x08004509   Thumb Code    24  stm32f10x_spi.o(.text)
    SPI_DataSizeConfig                       0x08004521   Thumb Code    18  stm32f10x_spi.o(.text)
    SPI_TransmitCRC                          0x08004533   Thumb Code    10  stm32f10x_spi.o(.text)
    SPI_CalculateCRC                         0x0800453d   Thumb Code    24  stm32f10x_spi.o(.text)
    SPI_GetCRC                               0x08004555   Thumb Code    16  stm32f10x_spi.o(.text)
    SPI_GetCRCPolynomial                     0x08004565   Thumb Code     6  stm32f10x_spi.o(.text)
    SPI_BiDirectionalLineConfig              0x0800456b   Thumb Code    28  stm32f10x_spi.o(.text)
    SPI_I2S_GetFlagStatus                    0x08004587   Thumb Code    18  stm32f10x_spi.o(.text)
    SPI_I2S_ClearFlag                        0x08004599   Thumb Code     6  stm32f10x_spi.o(.text)
    SPI_I2S_GetITStatus                      0x0800459f   Thumb Code    52  stm32f10x_spi.o(.text)
    SPI_I2S_ClearITPendingBit                0x080045d3   Thumb Code    20  stm32f10x_spi.o(.text)
    ADC_DeInit                               0x080045f5   Thumb Code    78  stm32f10x_adc.o(.text)
    ADC_Init                                 0x08004643   Thumb Code    70  stm32f10x_adc.o(.text)
    ADC_StructInit                           0x08004689   Thumb Code    18  stm32f10x_adc.o(.text)
    ADC_Cmd                                  0x0800469b   Thumb Code    22  stm32f10x_adc.o(.text)
    ADC_DMACmd                               0x080046b1   Thumb Code    22  stm32f10x_adc.o(.text)
    ADC_ITConfig                             0x080046c7   Thumb Code    24  stm32f10x_adc.o(.text)
    ADC_ResetCalibration                     0x080046df   Thumb Code    10  stm32f10x_adc.o(.text)
    ADC_GetResetCalibrationStatus            0x080046e9   Thumb Code    20  stm32f10x_adc.o(.text)
    ADC_StartCalibration                     0x080046fd   Thumb Code    10  stm32f10x_adc.o(.text)
    ADC_GetCalibrationStatus                 0x08004707   Thumb Code    20  stm32f10x_adc.o(.text)
    ADC_SoftwareStartConvCmd                 0x0800471b   Thumb Code    22  stm32f10x_adc.o(.text)
    ADC_GetSoftwareStartConvStatus           0x08004731   Thumb Code    20  stm32f10x_adc.o(.text)
    ADC_DiscModeChannelCountConfig           0x08004745   Thumb Code    24  stm32f10x_adc.o(.text)
    ADC_DiscModeCmd                          0x0800475d   Thumb Code    22  stm32f10x_adc.o(.text)
    ADC_RegularChannelConfig                 0x08004773   Thumb Code   184  stm32f10x_adc.o(.text)
    ADC_ExternalTrigConvCmd                  0x0800482b   Thumb Code    22  stm32f10x_adc.o(.text)
    ADC_GetConversionValue                   0x08004841   Thumb Code     8  stm32f10x_adc.o(.text)
    ADC_GetDualModeConversionValue           0x08004849   Thumb Code     8  stm32f10x_adc.o(.text)
    ADC_AutoInjectedConvCmd                  0x08004851   Thumb Code    22  stm32f10x_adc.o(.text)
    ADC_InjectedDiscModeCmd                  0x08004867   Thumb Code    22  stm32f10x_adc.o(.text)
    ADC_ExternalTrigInjectedConvConfig       0x0800487d   Thumb Code    16  stm32f10x_adc.o(.text)
    ADC_ExternalTrigInjectedConvCmd          0x0800488d   Thumb Code    22  stm32f10x_adc.o(.text)
    ADC_SoftwareStartInjectedConvCmd         0x080048a3   Thumb Code    22  stm32f10x_adc.o(.text)
    ADC_GetSoftwareStartInjectedConvCmdStatus 0x080048b9   Thumb Code    20  stm32f10x_adc.o(.text)
    ADC_InjectedChannelConfig                0x080048cd   Thumb Code   130  stm32f10x_adc.o(.text)
    ADC_InjectedSequencerLengthConfig        0x0800494f   Thumb Code    24  stm32f10x_adc.o(.text)
    ADC_SetInjectedOffset                    0x08004967   Thumb Code    20  stm32f10x_adc.o(.text)
    ADC_GetInjectedConversionValue           0x0800497b   Thumb Code    28  stm32f10x_adc.o(.text)
    ADC_AnalogWatchdogCmd                    0x08004997   Thumb Code    16  stm32f10x_adc.o(.text)
    ADC_AnalogWatchdogThresholdsConfig       0x080049a7   Thumb Code     6  stm32f10x_adc.o(.text)
    ADC_AnalogWatchdogSingleChannelConfig    0x080049ad   Thumb Code    16  stm32f10x_adc.o(.text)
    ADC_TempSensorVrefintCmd                 0x080049bd   Thumb Code    64  stm32f10x_adc.o(.text)
    ADC_GetFlagStatus                        0x080049fd   Thumb Code    18  stm32f10x_adc.o(.text)
    ADC_ClearFlag                            0x08004a0f   Thumb Code     6  stm32f10x_adc.o(.text)
    ADC_GetITStatus                          0x08004a15   Thumb Code    36  stm32f10x_adc.o(.text)
    ADC_ClearITPendingBit                    0x08004a39   Thumb Code    10  stm32f10x_adc.o(.text)
    __use_no_semihosting                     0x08004a43   Thumb Code     2  use_no_semi_2.o(.text)
    __c89vsprintf                            0x08004a45   Thumb Code    32  c89vsprintf.o(.text)
    __2printf                                0x08004a69   Thumb Code    20  __2printf.o(.text)
    __2sprintf                               0x08004a81   Thumb Code    38  __2sprintf.o(.text)
    _printf_int_dec                          0x08004aad   Thumb Code   104  _printf_dec.o(.text)
    _printf_longlong_hex                     0x08004b25   Thumb Code    86  _printf_hex_int_ll_ptr.o(.text)
    _printf_int_hex                          0x08004b7b   Thumb Code    28  _printf_hex_int_ll_ptr.o(.text)
    _printf_ll_hex                           0x08004b97   Thumb Code    12  _printf_hex_int_ll_ptr.o(.text)
    _printf_hex_ptr                          0x08004ba3   Thumb Code    18  _printf_hex_int_ll_ptr.o(.text)
    __printf                                 0x08004bb9   Thumb Code   388  __printf_flags_ss_wp.o(.text)
    strlen                                   0x08004d41   Thumb Code    62  strlen.o(.text)
    __use_two_region_memory                  0x08004d7f   Thumb Code     2  heapauxi.o(.text)
    __rt_heap_escrow$2region                 0x08004d81   Thumb Code     2  heapauxi.o(.text)
    __rt_heap_expand$2region                 0x08004d83   Thumb Code     2  heapauxi.o(.text)
    __I$use$semihosting                      0x08004d85   Thumb Code     0  use_no_semi.o(.text)
    __use_no_semihosting_swi                 0x08004d85   Thumb Code     2  use_no_semi.o(.text)
    _printf_pre_padding                      0x08004d87   Thumb Code    44  _printf_pad.o(.text)
    _printf_post_padding                     0x08004db3   Thumb Code    34  _printf_pad.o(.text)
    _printf_truncate_signed                  0x08004dd5   Thumb Code    18  _printf_truncate.o(.text)
    _printf_truncate_unsigned                0x08004de7   Thumb Code    18  _printf_truncate.o(.text)
    _printf_str                              0x08004df9   Thumb Code    82  _printf_str.o(.text)
    _printf_int_common                       0x08004e4b   Thumb Code   178  _printf_intcommon.o(.text)
    _printf_charcount                        0x08004efd   Thumb Code    40  _printf_charcount.o(.text)
    __lib_sel_fp_printf                      0x08004f25   Thumb Code     2  _printf_fp_dec.o(.text)
    _printf_fp_dec_real                      0x080050d3   Thumb Code   620  _printf_fp_dec.o(.text)
    _printf_char_common                      0x0800534b   Thumb Code    32  _printf_char_common.o(.text)
    _sputc                                   0x08005371   Thumb Code    10  _sputc.o(.text)
    _printf_char_file                        0x0800537d   Thumb Code    32  _printf_char_file.o(.text)
    _printf_wctomb                           0x080053a1   Thumb Code   182  _printf_wctomb.o(.text)
    _printf_longlong_dec                     0x0800545d   Thumb Code   108  _printf_longlong_dec.o(.text)
    _printf_longlong_oct                     0x080054d9   Thumb Code    68  _printf_oct_int_ll.o(.text)
    _printf_int_oct                          0x0800551d   Thumb Code    24  _printf_oct_int_ll.o(.text)
    _printf_ll_oct                           0x08005535   Thumb Code    12  _printf_oct_int_ll.o(.text)
    __rt_locale                              0x08005549   Thumb Code     8  rt_locale_intlibspace.o(.text)
    _ll_udiv10                               0x08005551   Thumb Code   138  lludiv10.o(.text)
    _printf_fp_infnan                        0x080055dd   Thumb Code   112  _printf_fp_infnan.o(.text)
    _printf_cs_common                        0x0800565d   Thumb Code    20  _printf_char.o(.text)
    _printf_char                             0x08005671   Thumb Code    16  _printf_char.o(.text)
    _printf_string                           0x08005681   Thumb Code     8  _printf_char.o(.text)
    _printf_lcs_common                       0x08005689   Thumb Code    20  _printf_wchar.o(.text)
    _printf_wchar                            0x0800569d   Thumb Code    16  _printf_wchar.o(.text)
    _printf_wstring                          0x080056ad   Thumb Code     8  _printf_wchar.o(.text)
    _btod_etento                             0x080056b5   Thumb Code   216  bigflt0.o(.text)
    ferror                                   0x08005791   Thumb Code     8  ferror.o(.text)
    _wcrtomb                                 0x08005799   Thumb Code    64  _wcrtomb.o(.text)
    __user_libspace                          0x080057d9   Thumb Code     8  libspace.o(.text)
    __user_perproc_libspace                  0x080057d9   Thumb Code     0  libspace.o(.text)
    __user_perthread_libspace                0x080057d9   Thumb Code     0  libspace.o(.text)
    __user_setup_stackheap                   0x080057e1   Thumb Code    74  sys_stackheap_outer.o(.text)
    __rt_ctype_table                         0x0800582d   Thumb Code    16  rt_ctype_table.o(.text)
    exit                                     0x0800583d   Thumb Code    18  exit.o(.text)
    strcmp                                   0x08005851   Thumb Code   128  strcmpv7m.o(.text)
    _btod_d2e                                0x080058d1   Thumb Code    62  btod.o(CL$$btod_d2e)
    _d2e_denorm_low                          0x0800590f   Thumb Code    70  btod.o(CL$$btod_d2e_denorm_low)
    _d2e_norm_op1                            0x08005955   Thumb Code    96  btod.o(CL$$btod_d2e_norm_op1)
    __btod_div_common                        0x080059b5   Thumb Code   696  btod.o(CL$$btod_div_common)
    _e2e                                     0x08005ced   Thumb Code   198  btod.o(CL$$btod_e2e)
    _btod_ediv                               0x08005db3   Thumb Code    40  btod.o(CL$$btod_ediv)
    _btod_emul                               0x08005ddb   Thumb Code    40  btod.o(CL$$btod_emul)
    __btod_mult_common                       0x08005e03   Thumb Code   580  btod.o(CL$$btod_mult_common)
    __ARM_fpclassify                         0x08006047   Thumb Code    40  fpclassify.o(i.__ARM_fpclassify)
    _is_digit                                0x0800606f   Thumb Code    14  __printf_wp.o(i._is_digit)
    _get_lc_numeric                          0x0800607d   Thumb Code    44  lc_numeric_c.o(locale$$code)
    _get_lc_ctype                            0x080060a9   Thumb Code    44  lc_ctype_c.o(locale$$code)
    __aeabi_d2f                              0x080060d5   Thumb Code     0  d2f.o(x$fpl$d2f)
    _d2f                                     0x080060d5   Thumb Code    98  d2f.o(x$fpl$d2f)
    __aeabi_dadd                             0x08006139   Thumb Code     0  daddsub_clz.o(x$fpl$dadd)
    _dadd                                    0x08006139   Thumb Code   332  daddsub_clz.o(x$fpl$dadd)
    __aeabi_ddiv                             0x08006289   Thumb Code     0  ddiv.o(x$fpl$ddiv)
    _ddiv                                    0x08006289   Thumb Code   552  ddiv.o(x$fpl$ddiv)
    __aeabi_ui2d                             0x08006539   Thumb Code     0  dflt_clz.o(x$fpl$dfltu)
    _dfltu                                   0x08006539   Thumb Code    38  dflt_clz.o(x$fpl$dfltu)
    __aeabi_dmul                             0x08006561   Thumb Code     0  dmul.o(x$fpl$dmul)
    _dmul                                    0x08006561   Thumb Code   332  dmul.o(x$fpl$dmul)
    __fpl_dnaninf                            0x080066b5   Thumb Code   156  dnaninf.o(x$fpl$dnaninf)
    __fpl_dretinf                            0x08006751   Thumb Code    12  dretinf.o(x$fpl$dretinf)
    __aeabi_dsub                             0x0800675d   Thumb Code     0  daddsub_clz.o(x$fpl$dsub)
    _dsub                                    0x0800675d   Thumb Code   464  daddsub_clz.o(x$fpl$dsub)
    __aeabi_f2d                              0x08006931   Thumb Code     0  f2d.o(x$fpl$f2d)
    _f2d                                     0x08006931   Thumb Code    86  f2d.o(x$fpl$f2d)
    __aeabi_fadd                             0x08006989   Thumb Code     0  faddsub_clz.o(x$fpl$fadd)
    _fadd                                    0x08006989   Thumb Code   196  faddsub_clz.o(x$fpl$fadd)
    __aeabi_fdiv                             0x08006a4d   Thumb Code     0  fdiv.o(x$fpl$fdiv)
    _fdiv                                    0x08006a4d   Thumb Code   384  fdiv.o(x$fpl$fdiv)
    __aeabi_f2uiz                            0x08006bd1   Thumb Code     0  ffixu.o(x$fpl$ffixu)
    _ffixu                                   0x08006bd1   Thumb Code    62  ffixu.o(x$fpl$ffixu)
    __aeabi_ui2f                             0x08006c11   Thumb Code     0  fflt_clz.o(x$fpl$ffltu)
    _ffltu                                   0x08006c11   Thumb Code    38  fflt_clz.o(x$fpl$ffltu)
    __fpl_fnaninf                            0x08006c37   Thumb Code   140  fnaninf.o(x$fpl$fnaninf)
    __fpl_fretinf                            0x08006cc3   Thumb Code    10  fretinf.o(x$fpl$fretinf)
    __aeabi_fsub                             0x08006ccd   Thumb Code     0  faddsub_clz.o(x$fpl$fsub)
    _fsub                                    0x08006ccd   Thumb Code   234  faddsub_clz.o(x$fpl$fsub)
    _printf_fp_dec                           0x08006db7   Thumb Code     4  printf1.o(x$fpl$printf1)
    F6x8                                     0x08006dba   Data         552  oled.o(.constdata)
    __I$use$fp                               0x08006dba   Number         0  usenofp.o(x$fpl$usenofp)
    F8X16                                    0x08006fe2   Data        1520  oled.o(.constdata)
    Region$$Table$$Base                      0x080076a8   Number         0  anon$$obj.o(Region$$Table)
    Region$$Table$$Limit                     0x080076c8   Number         0  anon$$obj.o(Region$$Table)
    __ctype                                  0x080076f1   Data           0  lc_ctype_c.o(locale$$data)
    SystemCoreClock                          0x20000000   Data           4  system_stm32f10x.o(.data)
    AHBPrescTable                            0x20000004   Data          16  system_stm32f10x.o(.data)
    Hzk                                      0x20000015   Data         896  oled.o(.data)
    Plane_BMP                                0x20000395   Data        1024  oled.o(.data)
    Ads1292_Config1                          0x20000795   Data           1  ads1292.o(.data)
    Ads1292_Config2                          0x20000796   Data           5  ads1292.o(.data)
    Ads1292_Ch1set                           0x2000079b   Data           3  ads1292.o(.data)
    Ads1292_Ch2set                           0x2000079e   Data           3  ads1292.o(.data)
    Ads1292_Rld_Sens                         0x200007a1   Data           6  ads1292.o(.data)
    Ads1292_Loff_Sens                        0x200007a7   Data           6  ads1292.o(.data)
    Ads1292_Resp1                            0x200007ad   Data           4  ads1292.o(.data)
    Ads1292_Resp2                            0x200007b1   Data           3  ads1292.o(.data)
    ads1292_recive_flag                      0x200007b4   Data           1  ads1292.o(.data)
    __stdout                                 0x200007bc   Data           4  usart.o(.data)
    USART_RX_STA                             0x200007c0   Data           2  usart.o(.data)
    UART4_RX_STA                             0x200007c2   Data           2  uart4.o(.data)
    ADS1292_REG                              0x200007d8   Data          12  ads1292.o(.bss)
    ads1292_Cache                            0x200007e4   Data           9  ads1292.o(.bss)
    USART_RX_BUF                             0x200007ed   Data         200  usart.o(.bss)
    UART4_RX_BUF                             0x200008b5   Data         200  uart4.o(.bss)
    UART4_TX_BUF                             0x2000097d   Data         200  uart4.o(.bss)
    __libspace_start                         0x20000a48   Data          96  libspace.o(.bss)
    __temporary_stack_top$libspace           0x20000aa8   Data           0  libspace.o(.bss)



==============================================================================

Memory Map of the image

  Image Entry point : 0x08000131

  Load Region LR_IROM1 (Base: 0x08000000, Size: 0x00007fcc, Max: 0x00080000, ABSOLUTE, COMPRESSED[0x00007a60])

    Execution Region ER_IROM1 (Base: 0x08000000, Size: 0x000077f4, Max: 0x00080000, ABSOLUTE)

    Base Addr    Size         Type   Attr      Idx    E Section Name        Object

    0x08000000   0x00000130   Data   RO          479    RESET               startup_stm32f10x_hd.o
    0x08000130   0x00000008   Code   RO          649  * !!!main             c_w.l(__main.o)
    0x08000138   0x00000034   Code   RO          968    !!!scatter          c_w.l(__scatter.o)
    0x0800016c   0x0000005a   Code   RO          966    !!dczerorl2         c_w.l(__dczerorl2.o)
    0x080001c6   0x00000002   PAD
    0x080001c8   0x0000001c   Code   RO          970    !!handler_zi        c_w.l(__scatter_zi.o)
    0x080001e4   0x00000000   Code   RO          644    .ARM.Collect$$_printf_percent$$00000000  c_w.l(_printf_percent.o)
    0x080001e4   0x00000006   Code   RO          729    .ARM.Collect$$_printf_percent$$00000001  c_w.l(_printf_n.o)
    0x080001ea   0x00000006   Code   RO          730    .ARM.Collect$$_printf_percent$$00000002  c_w.l(_printf_p.o)
    0x080001f0   0x00000006   Code   RO          643    .ARM.Collect$$_printf_percent$$00000003  c_w.l(_printf_f.o)
    0x080001f6   0x00000006   Code   RO          734    .ARM.Collect$$_printf_percent$$00000004  c_w.l(_printf_e.o)
    0x080001fc   0x00000006   Code   RO          735    .ARM.Collect$$_printf_percent$$00000005  c_w.l(_printf_g.o)
    0x08000202   0x00000006   Code   RO          736    .ARM.Collect$$_printf_percent$$00000006  c_w.l(_printf_a.o)
    0x08000208   0x0000000a   Code   RO          741    .ARM.Collect$$_printf_percent$$00000007  c_w.l(_printf_ll.o)
    0x08000212   0x00000006   Code   RO          732    .ARM.Collect$$_printf_percent$$00000008  c_w.l(_printf_i.o)
    0x08000218   0x00000006   Code   RO          642    .ARM.Collect$$_printf_percent$$00000009  c_w.l(_printf_d.o)
    0x0800021e   0x00000006   Code   RO          733    .ARM.Collect$$_printf_percent$$0000000A  c_w.l(_printf_u.o)
    0x08000224   0x00000006   Code   RO          731    .ARM.Collect$$_printf_percent$$0000000B  c_w.l(_printf_o.o)
    0x0800022a   0x00000006   Code   RO          641    .ARM.Collect$$_printf_percent$$0000000C  c_w.l(_printf_x.o)
    0x08000230   0x00000006   Code   RO          738    .ARM.Collect$$_printf_percent$$0000000D  c_w.l(_printf_lli.o)
    0x08000236   0x00000006   Code   RO          739    .ARM.Collect$$_printf_percent$$0000000E  c_w.l(_printf_lld.o)
    0x0800023c   0x00000006   Code   RO          740    .ARM.Collect$$_printf_percent$$0000000F  c_w.l(_printf_llu.o)
    0x08000242   0x00000006   Code   RO          745    .ARM.Collect$$_printf_percent$$00000010  c_w.l(_printf_llo.o)
    0x08000248   0x00000006   Code   RO          746    .ARM.Collect$$_printf_percent$$00000011  c_w.l(_printf_llx.o)
    0x0800024e   0x0000000a   Code   RO          742    .ARM.Collect$$_printf_percent$$00000012  c_w.l(_printf_l.o)
    0x08000258   0x00000006   Code   RO          727    .ARM.Collect$$_printf_percent$$00000013  c_w.l(_printf_c.o)
    0x0800025e   0x00000006   Code   RO          728    .ARM.Collect$$_printf_percent$$00000014  c_w.l(_printf_s.o)
    0x08000264   0x00000006   Code   RO          743    .ARM.Collect$$_printf_percent$$00000015  c_w.l(_printf_lc.o)
    0x0800026a   0x00000006   Code   RO          744    .ARM.Collect$$_printf_percent$$00000016  c_w.l(_printf_ls.o)
    0x08000270   0x00000004   Code   RO          737    .ARM.Collect$$_printf_percent$$00000017  c_w.l(_printf_percent_end.o)
    0x08000274   0x00000002   Code   RO          840    .ARM.Collect$$libinit$$00000000  c_w.l(libinit.o)
    0x08000276   0x00000000   Code   RO          842    .ARM.Collect$$libinit$$00000002  c_w.l(libinit2.o)
    0x08000276   0x00000000   Code   RO          844    .ARM.Collect$$libinit$$00000004  c_w.l(libinit2.o)
    0x08000276   0x00000000   Code   RO          847    .ARM.Collect$$libinit$$0000000A  c_w.l(libinit2.o)
    0x08000276   0x00000000   Code   RO          849    .ARM.Collect$$libinit$$0000000C  c_w.l(libinit2.o)
    0x08000276   0x00000000   Code   RO          851    .ARM.Collect$$libinit$$0000000E  c_w.l(libinit2.o)
    0x08000276   0x00000006   Code   RO          852    .ARM.Collect$$libinit$$0000000F  c_w.l(libinit2.o)
    0x0800027c   0x00000000   Code   RO          854    .ARM.Collect$$libinit$$00000011  c_w.l(libinit2.o)
    0x0800027c   0x0000000c   Code   RO          855    .ARM.Collect$$libinit$$00000012  c_w.l(libinit2.o)
    0x08000288   0x00000000   Code   RO          856    .ARM.Collect$$libinit$$00000013  c_w.l(libinit2.o)
    0x08000288   0x00000000   Code   RO          858    .ARM.Collect$$libinit$$00000015  c_w.l(libinit2.o)
    0x08000288   0x0000000a   Code   RO          859    .ARM.Collect$$libinit$$00000016  c_w.l(libinit2.o)
    0x08000292   0x00000000   Code   RO          860    .ARM.Collect$$libinit$$00000017  c_w.l(libinit2.o)
    0x08000292   0x00000000   Code   RO          862    .ARM.Collect$$libinit$$00000019  c_w.l(libinit2.o)
    0x08000292   0x00000000   Code   RO          864    .ARM.Collect$$libinit$$0000001B  c_w.l(libinit2.o)
    0x08000292   0x00000000   Code   RO          866    .ARM.Collect$$libinit$$0000001D  c_w.l(libinit2.o)
    0x08000292   0x00000000   Code   RO          868    .ARM.Collect$$libinit$$0000001F  c_w.l(libinit2.o)
    0x08000292   0x00000000   Code   RO          870    .ARM.Collect$$libinit$$00000021  c_w.l(libinit2.o)
    0x08000292   0x00000000   Code   RO          872    .ARM.Collect$$libinit$$00000023  c_w.l(libinit2.o)
    0x08000292   0x00000000   Code   RO          874    .ARM.Collect$$libinit$$00000025  c_w.l(libinit2.o)
    0x08000292   0x00000000   Code   RO          878    .ARM.Collect$$libinit$$0000002C  c_w.l(libinit2.o)
    0x08000292   0x00000000   Code   RO          880    .ARM.Collect$$libinit$$0000002E  c_w.l(libinit2.o)
    0x08000292   0x00000000   Code   RO          882    .ARM.Collect$$libinit$$00000030  c_w.l(libinit2.o)
    0x08000292   0x00000000   Code   RO          884    .ARM.Collect$$libinit$$00000032  c_w.l(libinit2.o)
    0x08000292   0x00000002   Code   RO          885    .ARM.Collect$$libinit$$00000033  c_w.l(libinit2.o)
    0x08000294   0x00000002   Code   RO          916    .ARM.Collect$$libshutdown$$00000000  c_w.l(libshutdown.o)
    0x08000296   0x00000000   Code   RO          925    .ARM.Collect$$libshutdown$$00000002  c_w.l(libshutdown2.o)
    0x08000296   0x00000000   Code   RO          927    .ARM.Collect$$libshutdown$$00000004  c_w.l(libshutdown2.o)
    0x08000296   0x00000000   Code   RO          930    .ARM.Collect$$libshutdown$$00000007  c_w.l(libshutdown2.o)
    0x08000296   0x00000000   Code   RO          933    .ARM.Collect$$libshutdown$$0000000A  c_w.l(libshutdown2.o)
    0x08000296   0x00000000   Code   RO          935    .ARM.Collect$$libshutdown$$0000000C  c_w.l(libshutdown2.o)
    0x08000296   0x00000000   Code   RO          938    .ARM.Collect$$libshutdown$$0000000F  c_w.l(libshutdown2.o)
    0x08000296   0x00000002   Code   RO          939    .ARM.Collect$$libshutdown$$00000010  c_w.l(libshutdown2.o)
    0x08000298   0x00000000   Code   RO          697    .ARM.Collect$$rtentry$$00000000  c_w.l(__rtentry.o)
    0x08000298   0x00000000   Code   RO          757    .ARM.Collect$$rtentry$$00000002  c_w.l(__rtentry2.o)
    0x08000298   0x00000006   Code   RO          769    .ARM.Collect$$rtentry$$00000004  c_w.l(__rtentry4.o)
    0x0800029e   0x00000000   Code   RO          759    .ARM.Collect$$rtentry$$00000009  c_w.l(__rtentry2.o)
    0x0800029e   0x00000004   Code   RO          760    .ARM.Collect$$rtentry$$0000000A  c_w.l(__rtentry2.o)
    0x080002a2   0x00000000   Code   RO          762    .ARM.Collect$$rtentry$$0000000C  c_w.l(__rtentry2.o)
    0x080002a2   0x00000008   Code   RO          763    .ARM.Collect$$rtentry$$0000000D  c_w.l(__rtentry2.o)
    0x080002aa   0x00000002   Code   RO          886    .ARM.Collect$$rtexit$$00000000  c_w.l(rtexit.o)
    0x080002ac   0x00000000   Code   RO          896    .ARM.Collect$$rtexit$$00000002  c_w.l(rtexit2.o)
    0x080002ac   0x00000004   Code   RO          897    .ARM.Collect$$rtexit$$00000003  c_w.l(rtexit2.o)
    0x080002b0   0x00000006   Code   RO          898    .ARM.Collect$$rtexit$$00000004  c_w.l(rtexit2.o)
    0x080002b6   0x00000002   PAD
    0x080002b8   0x00000680   Code   RO            1    .text               main.o
    0x08000938   0x0000001a   Code   RO          157    .text               stm32f10x_it.o
    0x08000952   0x00000002   PAD
    0x08000954   0x000001e0   Code   RO          198    .text               system_stm32f10x.o
    0x08000b34   0x00000034   Code   RO          216    .text               led.o
    0x08000b68   0x0000013c   Code   RO          228    .text               key.o
    0x08000ca4   0x00000168   Code   RO          241    .text               timer.o
    0x08000e0c   0x00000348   Code   RO          253    .text               ads115.o
    0x08001154   0x000005d0   Code   RO          265    .text               oled.o
    0x08001724   0x000000d0   Code   RO          287    .text               spi.o
    0x080017f4   0x000005b0   Code   RO          302    .text               ads1292.o
    0x08001da4   0x0000007c   Code   RO          324    .text               dma.o
    0x08001e20   0x000000a0   Code   RO          336    .text               exti.o
    0x08001ec0   0x000003c0   Code   RO          348    .text               mlx90614.o
    0x08002280   0x00000034   Code   RO          360    .text               beep.o
    0x080022b4   0x000000e8   Code   RO          372    .text               adc.o
    0x0800239c   0x0000013c   Code   RO          384    .text               delay.o
    0x080024d8   0x00000140   Code   RO          415    .text               usart.o
    0x08002618   0x00000174   Code   RO          438    .text               uart4.o
    0x0800278c   0x00000040   Code   RO          480    .text               startup_stm32f10x_hd.o
    0x080027cc   0x000000dc   Code   RO          484    .text               misc.o
    0x080028a8   0x0000035c   Code   RO          496    .text               stm32f10x_gpio.o
    0x08002c04   0x000003a4   Code   RO          508    .text               stm32f10x_rcc.o
    0x08002fa8   0x00000e1a   Code   RO          522    .text               stm32f10x_tim.o
    0x08003dc2   0x00000002   PAD
    0x08003dc4   0x00000408   Code   RO          534    .text               stm32f10x_usart.o
    0x080041cc   0x0000011c   Code   RO          546    .text               stm32f10x_exti.o
    0x080042e8   0x0000030c   Code   RO          558    .text               stm32f10x_spi.o
    0x080045f4   0x0000044e   Code   RO          570    .text               stm32f10x_adc.o
    0x08004a42   0x00000002   Code   RO          584    .text               c_w.l(use_no_semi_2.o)
    0x08004a44   0x00000024   Code   RO          586    .text               c_w.l(c89vsprintf.o)
    0x08004a68   0x00000018   Code   RO          588    .text               c_w.l(__2printf.o)
    0x08004a80   0x0000002c   Code   RO          590    .text               c_w.l(__2sprintf.o)
    0x08004aac   0x00000078   Code   RO          598    .text               c_w.l(_printf_dec.o)
    0x08004b24   0x00000094   Code   RO          618    .text               c_w.l(_printf_hex_int_ll_ptr.o)
    0x08004bb8   0x00000188   Code   RO          638    .text               c_w.l(__printf_flags_ss_wp.o)
    0x08004d40   0x0000003e   Code   RO          645    .text               c_w.l(strlen.o)
    0x08004d7e   0x00000006   Code   RO          647    .text               c_w.l(heapauxi.o)
    0x08004d84   0x00000002   Code   RO          695    .text               c_w.l(use_no_semi.o)
    0x08004d86   0x0000004e   Code   RO          698    .text               c_w.l(_printf_pad.o)
    0x08004dd4   0x00000024   Code   RO          700    .text               c_w.l(_printf_truncate.o)
    0x08004df8   0x00000052   Code   RO          702    .text               c_w.l(_printf_str.o)
    0x08004e4a   0x000000b2   Code   RO          704    .text               c_w.l(_printf_intcommon.o)
    0x08004efc   0x00000028   Code   RO          706    .text               c_w.l(_printf_charcount.o)
    0x08004f24   0x0000041a   Code   RO          708    .text               c_w.l(_printf_fp_dec.o)
    0x0800533e   0x00000002   PAD
    0x08005340   0x00000030   Code   RO          710    .text               c_w.l(_printf_char_common.o)
    0x08005370   0x0000000a   Code   RO          712    .text               c_w.l(_sputc.o)
    0x0800537a   0x00000002   PAD
    0x0800537c   0x00000024   Code   RO          714    .text               c_w.l(_printf_char_file.o)
    0x080053a0   0x000000bc   Code   RO          716    .text               c_w.l(_printf_wctomb.o)
    0x0800545c   0x0000007c   Code   RO          719    .text               c_w.l(_printf_longlong_dec.o)
    0x080054d8   0x00000070   Code   RO          725    .text               c_w.l(_printf_oct_int_ll.o)
    0x08005548   0x00000008   Code   RO          774    .text               c_w.l(rt_locale_intlibspace.o)
    0x08005550   0x0000008a   Code   RO          776    .text               c_w.l(lludiv10.o)
    0x080055da   0x00000002   PAD
    0x080055dc   0x00000080   Code   RO          778    .text               c_w.l(_printf_fp_infnan.o)
    0x0800565c   0x0000002c   Code   RO          782    .text               c_w.l(_printf_char.o)
    0x08005688   0x0000002c   Code   RO          784    .text               c_w.l(_printf_wchar.o)
    0x080056b4   0x000000dc   Code   RO          786    .text               c_w.l(bigflt0.o)
    0x08005790   0x00000008   Code   RO          811    .text               c_w.l(ferror.o)
    0x08005798   0x00000040   Code   RO          815    .text               c_w.l(_wcrtomb.o)
    0x080057d8   0x00000008   Code   RO          824    .text               c_w.l(libspace.o)
    0x080057e0   0x0000004a   Code   RO          827    .text               c_w.l(sys_stackheap_outer.o)
    0x0800582a   0x00000002   PAD
    0x0800582c   0x00000010   Code   RO          829    .text               c_w.l(rt_ctype_table.o)
    0x0800583c   0x00000012   Code   RO          831    .text               c_w.l(exit.o)
    0x0800584e   0x00000002   PAD
    0x08005850   0x00000080   Code   RO          833    .text               c_w.l(strcmpv7m.o)
    0x080058d0   0x0000003e   Code   RO          789    CL$$btod_d2e        c_w.l(btod.o)
    0x0800590e   0x00000046   Code   RO          791    CL$$btod_d2e_denorm_low  c_w.l(btod.o)
    0x08005954   0x00000060   Code   RO          790    CL$$btod_d2e_norm_op1  c_w.l(btod.o)
    0x080059b4   0x00000338   Code   RO          799    CL$$btod_div_common  c_w.l(btod.o)
    0x08005cec   0x000000c6   Code   RO          796    CL$$btod_e2e        c_w.l(btod.o)
    0x08005db2   0x00000028   Code   RO          793    CL$$btod_ediv       c_w.l(btod.o)
    0x08005dda   0x00000028   Code   RO          792    CL$$btod_emul       c_w.l(btod.o)
    0x08005e02   0x00000244   Code   RO          798    CL$$btod_mult_common  c_w.l(btod.o)
    0x08006046   0x00000028   Code   RO          822    i.__ARM_fpclassify  m_ws.l(fpclassify.o)
    0x0800606e   0x0000000e   Code   RO          631    i._is_digit         c_w.l(__printf_wp.o)
    0x0800607c   0x0000002c   Code   RO          818    locale$$code        c_w.l(lc_numeric_c.o)
    0x080060a8   0x0000002c   Code   RO          889    locale$$code        c_w.l(lc_ctype_c.o)
    0x080060d4   0x00000062   Code   RO          651    x$fpl$d2f           fz_ws.l(d2f.o)
    0x08006136   0x00000002   PAD
    0x08006138   0x00000150   Code   RO          653    x$fpl$dadd          fz_ws.l(daddsub_clz.o)
    0x08006288   0x000002b0   Code   RO          660    x$fpl$ddiv          fz_ws.l(ddiv.o)
    0x08006538   0x00000026   Code   RO          663    x$fpl$dfltu         fz_ws.l(dflt_clz.o)
    0x0800655e   0x00000002   PAD
    0x08006560   0x00000154   Code   RO          669    x$fpl$dmul          fz_ws.l(dmul.o)
    0x080066b4   0x0000009c   Code   RO          747    x$fpl$dnaninf       fz_ws.l(dnaninf.o)
    0x08006750   0x0000000c   Code   RO          749    x$fpl$dretinf       fz_ws.l(dretinf.o)
    0x0800675c   0x000001d4   Code   RO          655    x$fpl$dsub          fz_ws.l(daddsub_clz.o)
    0x08006930   0x00000056   Code   RO          671    x$fpl$f2d           fz_ws.l(f2d.o)
    0x08006986   0x00000002   PAD
    0x08006988   0x000000c4   Code   RO          673    x$fpl$fadd          fz_ws.l(faddsub_clz.o)
    0x08006a4c   0x00000184   Code   RO          680    x$fpl$fdiv          fz_ws.l(fdiv.o)
    0x08006bd0   0x0000003e   Code   RO          683    x$fpl$ffixu         fz_ws.l(ffixu.o)
    0x08006c0e   0x00000002   PAD
    0x08006c10   0x00000026   Code   RO          687    x$fpl$ffltu         fz_ws.l(fflt_clz.o)
    0x08006c36   0x0000008c   Code   RO          751    x$fpl$fnaninf       fz_ws.l(fnaninf.o)
    0x08006cc2   0x0000000a   Code   RO          753    x$fpl$fretinf       fz_ws.l(fretinf.o)
    0x08006ccc   0x000000ea   Code   RO          675    x$fpl$fsub          fz_ws.l(faddsub_clz.o)
    0x08006db6   0x00000004   Code   RO          693    x$fpl$printf1       fz_ws.l(printf1.o)
    0x08006dba   0x00000000   Code   RO          755    x$fpl$usenofp       fz_ws.l(usenofp.o)
    0x08006dba   0x00000818   Data   RO          266    .constdata          oled.o
    0x080075d2   0x00000028   Data   RO          619    .constdata          c_w.l(_printf_hex_int_ll_ptr.o)
    0x080075fa   0x00000011   Data   RO          639    .constdata          c_w.l(__printf_flags_ss_wp.o)
    0x0800760b   0x00000001   PAD
    0x0800760c   0x00000008   Data   RO          717    .constdata          c_w.l(_printf_wctomb.o)
    0x08007614   0x00000094   Data   RO          787    .constdata          c_w.l(bigflt0.o)
    0x080076a8   0x00000020   Data   RO          964    Region$$Table       anon$$obj.o
    0x080076c8   0x0000001c   Data   RO          817    locale$$data        c_w.l(lc_numeric_c.o)
    0x080076e4   0x00000110   Data   RO          888    locale$$data        c_w.l(lc_ctype_c.o)


    Execution Region RW_IRAM1 (Base: 0x20000000, Size: 0x000010a8, Max: 0x00010000, ABSOLUTE, COMPRESSED[0x0000026c])

    Base Addr    Size         Type   Attr      Idx    E Section Name        Object

    0x20000000   0x00000014   Data   RW          199    .data               system_stm32f10x.o
    0x20000014   0x00000001   Data   RW          229    .data               key.o
    0x20000015   0x00000780   Data   RW          267    .data               oled.o
    0x20000795   0x00000020   Data   RW          304    .data               ads1292.o
    0x200007b5   0x00000001   PAD
    0x200007b6   0x00000004   Data   RW          385    .data               delay.o
    0x200007ba   0x00000002   PAD
    0x200007bc   0x00000006   Data   RW          417    .data               usart.o
    0x200007c2   0x00000002   Data   RW          440    .data               uart4.o
    0x200007c4   0x00000014   Data   RW          509    .data               stm32f10x_rcc.o
    0x200007d8   0x00000015   Zero   RW          303    .bss                ads1292.o
    0x200007ed   0x000000c8   Zero   RW          416    .bss                usart.o
    0x200008b5   0x00000190   Zero   RW          439    .bss                uart4.o
    0x20000a45   0x00000003   PAD
    0x20000a48   0x00000060   Zero   RW          825    .bss                c_w.l(libspace.o)
    0x20000aa8   0x00000200   Zero   RW          478    HEAP                startup_stm32f10x_hd.o
    0x20000ca8   0x00000400   Zero   RW          477    STACK               startup_stm32f10x_hd.o


==============================================================================

Image component sizes


      Code (inc. data)   RO Data    RW Data    ZI Data      Debug   Object Name

       232          8          0          0          0       1155   adc.o
       840         30          0          0          0       3212   ads115.o
      1456        162          0         32         21       8293   ads1292.o
        52          6          0          0          0        540   beep.o
       316         16          0          4          0       1327   delay.o
       124          4          0          0          0       1292   dma.o
       160         22          0          0          0        788   exti.o
       316         12          0          1          0        936   key.o
        52          6          0          0          0        535   led.o
      1664        274          0          0          0     272831   main.o
       220         22          0          0          0       1905   misc.o
       960         26          0          0          0       4352   mlx90614.o
      1488         20       2072       1920          0       7065   oled.o
       208         10          0          0          0        963   spi.o
        64         26        304          0       1536        828   startup_stm32f10x_hd.o
      1102         26          0          0          0      11145   stm32f10x_adc.o
       284         10          0          0          0       2359   stm32f10x_exti.o
       860         38          0          0          0       5837   stm32f10x_gpio.o
        26          0          0          0          0       1230   stm32f10x_it.o
       932         36          0         20          0       9064   stm32f10x_rcc.o
       780         14          0          0          0       6718   stm32f10x_spi.o
      3610         88          0          0          0      22944   stm32f10x_tim.o
      1032         22          0          0          0       8560   stm32f10x_usart.o
         0          0          0          0          0         32   sys.o
       480         38          0         20          0       1895   system_stm32f10x.o
       360         20          0          0          0       1278   timer.o
       372         20          0          2        400       2657   uart4.o
       320         18          0          6        200       3294   usart.o

    ----------------------------------------------------------------------
     18314        974       2408       2008       2160     383035   Object Totals
         0          0         32          0          0          0   (incl. Generated)
         4          0          0          3          3          0   (incl. Padding)

    ----------------------------------------------------------------------

      Code (inc. data)   RO Data    RW Data    ZI Data      Debug   Library Member Name

        24          4          0          0          0         84   __2printf.o
        44          6          0          0          0         84   __2sprintf.o
        90          0          0          0          0          0   __dczerorl2.o
         8          0          0          0          0         68   __main.o
       392          4         17          0          0         92   __printf_flags_ss_wp.o
        14          0          0          0          0         68   __printf_wp.o
         0          0          0          0          0          0   __rtentry.o
        12          0          0          0          0          0   __rtentry2.o
         6          0          0          0          0          0   __rtentry4.o
        52          8          0          0          0          0   __scatter.o
        28          0          0          0          0          0   __scatter_zi.o
         6          0          0          0          0          0   _printf_a.o
         6          0          0          0          0          0   _printf_c.o
        44          0          0          0          0        108   _printf_char.o
        48          6          0          0          0         96   _printf_char_common.o
        36          4          0          0          0         80   _printf_char_file.o
        40          0          0          0          0         68   _printf_charcount.o
         6          0          0          0          0          0   _printf_d.o
       120         16          0          0          0         92   _printf_dec.o
         6          0          0          0          0          0   _printf_e.o
         6          0          0          0          0          0   _printf_f.o
      1050          0          0          0          0        216   _printf_fp_dec.o
       128         16          0          0          0         84   _printf_fp_infnan.o
         6          0          0          0          0          0   _printf_g.o
       148          4         40          0          0        160   _printf_hex_int_ll_ptr.o
         6          0          0          0          0          0   _printf_i.o
       178          0          0          0          0         88   _printf_intcommon.o
        10          0          0          0          0          0   _printf_l.o
         6          0          0          0          0          0   _printf_lc.o
        10          0          0          0          0          0   _printf_ll.o
         6          0          0          0          0          0   _printf_lld.o
         6          0          0          0          0          0   _printf_lli.o
         6          0          0          0          0          0   _printf_llo.o
         6          0          0          0          0          0   _printf_llu.o
         6          0          0          0          0          0   _printf_llx.o
       124         16          0          0          0         92   _printf_longlong_dec.o
         6          0          0          0          0          0   _printf_ls.o
         6          0          0          0          0          0   _printf_n.o
         6          0          0          0          0          0   _printf_o.o
       112          8          0          0          0        124   _printf_oct_int_ll.o
         6          0          0          0          0          0   _printf_p.o
        78          0          0          0          0        108   _printf_pad.o
         0          0          0          0          0          0   _printf_percent.o
         4          0          0          0          0          0   _printf_percent_end.o
         6          0          0          0          0          0   _printf_s.o
        82          0          0          0          0         80   _printf_str.o
        36          0          0          0          0         84   _printf_truncate.o
         6          0          0          0          0          0   _printf_u.o
        44          0          0          0          0        108   _printf_wchar.o
       188          6          8          0          0         92   _printf_wctomb.o
         6          0          0          0          0          0   _printf_x.o
        10          0          0          0          0         68   _sputc.o
        64          0          0          0          0         92   _wcrtomb.o
       220          4        148          0          0         96   bigflt0.o
      1910        128          0          0          0        672   btod.o
        36          4          0          0          0         76   c89vsprintf.o
        18          0          0          0          0         80   exit.o
         8          0          0          0          0         68   ferror.o
         6          0          0          0          0        152   heapauxi.o
        44         10        272          0          0         76   lc_ctype_c.o
        44         10         28          0          0         76   lc_numeric_c.o
         2          0          0          0          0          0   libinit.o
        30          0          0          0          0          0   libinit2.o
         2          0          0          0          0          0   libshutdown.o
         2          0          0          0          0          0   libshutdown2.o
         8          4          0          0         96         68   libspace.o
       138          0          0          0          0         80   lludiv10.o
        16          4          0          0          0         76   rt_ctype_table.o
         8          4          0          0          0         68   rt_locale_intlibspace.o
         2          0          0          0          0          0   rtexit.o
        10          0          0          0          0          0   rtexit2.o
       128          0          0          0          0         68   strcmpv7m.o
        62          0          0          0          0         76   strlen.o
        74          0          0          0          0         80   sys_stackheap_outer.o
         2          0          0          0          0         68   use_no_semi.o
         2          0          0          0          0         68   use_no_semi_2.o
        98          4          0          0          0         92   d2f.o
       804         16          0          0          0        272   daddsub_clz.o
       688        140          0          0          0        208   ddiv.o
        38          0          0          0          0         68   dflt_clz.o
       340         12          0          0          0        104   dmul.o
       156          4          0          0          0         92   dnaninf.o
        12          0          0          0          0         68   dretinf.o
        86          4          0          0          0         84   f2d.o
       430          8          0          0          0        168   faddsub_clz.o
       388         76          0          0          0         96   fdiv.o
        62          4          0          0          0         84   ffixu.o
        38          0          0          0          0         68   fflt_clz.o
       140          4          0          0          0         84   fnaninf.o
        10          0          0          0          0         68   fretinf.o
         4          0          0          0          0         68   printf1.o
         0          0          0          0          0          0   usenofp.o
        40          0          0          0          0         68   fpclassify.o

    ----------------------------------------------------------------------
      9472        538        514          0         96       5876   Library Totals
        22          0          1          0          0          0   (incl. Padding)

    ----------------------------------------------------------------------

      Code (inc. data)   RO Data    RW Data    ZI Data      Debug   Library Name

      6116        266        513          0         96       4184   c_w.l
      3294        272          0          0          0       1624   fz_ws.l
        40          0          0          0          0         68   m_ws.l

    ----------------------------------------------------------------------
      9472        538        514          0         96       5876   Library Totals

    ----------------------------------------------------------------------

==============================================================================


      Code (inc. data)   RO Data    RW Data    ZI Data      Debug   

     27786       1512       2922       2008       2256     383447   Grand Totals
     27786       1512       2922        620       2256     383447   ELF Image Totals (compressed)
     27786       1512       2922        620          0          0   ROM Totals

==============================================================================

    Total RO  Size (Code + RO Data)                30708 (  29.99kB)
    Total RW  Size (RW Data + ZI Data)              4264 (   4.16kB)
    Total ROM Size (Code + RO Data + RW Data)      31328 (  30.59kB)

==============================================================================

